Component: ARM Compiler 5.06 update 3 (build 300) Tool: armlink [4d35c9]

==============================================================================

Section Cross References

    startup_stm32f302x8.o(RESET) refers to startup_stm32f302x8.o(STACK) for __initial_sp
    startup_stm32f302x8.o(RESET) refers to startup_stm32f302x8.o(.text) for Reset_Handler
    startup_stm32f302x8.o(RESET) refers to stm32f30x_mc_it.o(i.HardFault_Handler) for HardFault_Handler
    startup_stm32f302x8.o(RESET) refers to stm32f30x_mc_it.o(i.SysTick_Handler) for SysTick_Handler
    startup_stm32f302x8.o(RESET) refers to stm32f30x_mc_it.o(i.ADC1_IRQHandler) for ADC1_IRQHandler
    startup_stm32f302x8.o(RESET) refers to stm32f30x_mc_it.o(i.TIM1_BRK_TIM15_IRQHandler) for TIM1_BRK_TIM15_IRQHandler
    startup_stm32f302x8.o(RESET) refers to stm32f30x_mc_it.o(i.TIM1_UP_TIM16_IRQHandler) for TIM1_UP_TIM16_IRQHandler
    startup_stm32f302x8.o(RESET) refers to stm32f30x_mc_it.o(i.TIM2_IRQHandler) for TIM2_IRQHandler
    startup_stm32f302x8.o(RESET) refers to stm32f30x_mc_it.o(i.USART2_IRQHandler) for USART2_IRQHandler
    startup_stm32f302x8.o(RESET) refers to stm32f30x_mc_it.o(i.EXTI15_10_IRQHandler) for EXTI15_10_IRQHandler
    startup_stm32f302x8.o(.text) refers to system_stm32f3xx.o(i.SystemInit) for SystemInit
    startup_stm32f302x8.o(.text) refers to entry.o(.ARM.Collect$$$$00000000) for __main
    main.o(i.SystemClock_Config) refers to stm32f3xx_hal_rcc.o(i.HAL_RCC_OscConfig) for HAL_RCC_OscConfig
    main.o(i.SystemClock_Config) refers to stm32f3xx_hal_rcc.o(i.HAL_RCC_ClockConfig) for HAL_RCC_ClockConfig
    main.o(i.SystemClock_Config) refers to stm32f3xx_hal_rcc_ex.o(i.HAL_RCCEx_PeriphCLKConfig) for HAL_RCCEx_PeriphCLKConfig
    main.o(i.main) refers to stm32f3xx_hal.o(i.HAL_Init) for HAL_Init
    main.o(i.main) refers to stm32f3xx_hal_rcc.o(i.HAL_RCC_OscConfig) for HAL_RCC_OscConfig
    main.o(i.main) refers to stm32f3xx_hal_rcc.o(i.HAL_RCC_ClockConfig) for HAL_RCC_ClockConfig
    main.o(i.main) refers to stm32f3xx_hal_rcc_ex.o(i.HAL_RCCEx_PeriphCLKConfig) for HAL_RCCEx_PeriphCLKConfig
    main.o(i.main) refers to stm32f3xx_hal_gpio.o(i.HAL_GPIO_WritePin) for HAL_GPIO_WritePin
    main.o(i.main) refers to stm32f3xx_hal_gpio.o(i.HAL_GPIO_Init) for HAL_GPIO_Init
    main.o(i.main) refers to stm32f3xx_hal_adc_ex.o(i.HAL_ADC_Init) for HAL_ADC_Init
    main.o(i.main) refers to stm32f3xx_hal_adc_ex.o(i.HAL_ADCEx_InjectedConfigChannel) for HAL_ADCEx_InjectedConfigChannel
    main.o(i.main) refers to stm32f3xx_hal_adc_ex.o(i.HAL_ADC_ConfigChannel) for HAL_ADC_ConfigChannel
    main.o(i.main) refers to stm32f3xx_hal_dac.o(i.HAL_DAC_Init) for HAL_DAC_Init
    main.o(i.main) refers to stm32f3xx_hal_dac_ex.o(i.HAL_DAC_ConfigChannel) for HAL_DAC_ConfigChannel
    main.o(i.main) refers to stm32f3xx_hal_tim.o(i.HAL_TIM_Base_Init) for HAL_TIM_Base_Init
    main.o(i.main) refers to stm32f3xx_hal_tim.o(i.HAL_TIM_PWM_Init) for HAL_TIM_PWM_Init
    main.o(i.main) refers to stm32f3xx_hal_tim.o(i.HAL_TIM_SlaveConfigSynchro) for HAL_TIM_SlaveConfigSynchro
    main.o(i.main) refers to stm32f3xx_hal_tim_ex.o(i.HAL_TIMEx_MasterConfigSynchronization) for HAL_TIMEx_MasterConfigSynchronization
    main.o(i.main) refers to stm32f3xx_hal_tim.o(i.HAL_TIM_PWM_ConfigChannel) for HAL_TIM_PWM_ConfigChannel
    main.o(i.main) refers to stm32f3xx_hal_tim_ex.o(i.HAL_TIMEx_ConfigBreakDeadTime) for HAL_TIMEx_ConfigBreakDeadTime
    main.o(i.main) refers to stm32f3xx_hal_msp.o(i.HAL_TIM_MspPostInit) for HAL_TIM_MspPostInit
    main.o(i.main) refers to stm32f3xx_hal_tim.o(i.HAL_TIM_ConfigClockSource) for HAL_TIM_ConfigClockSource
    main.o(i.main) refers to stm32f3xx_hal_tim_ex.o(i.HAL_TIMEx_HallSensor_Init) for HAL_TIMEx_HallSensor_Init
    main.o(i.main) refers to stm32f3xx_hal_uart.o(i.HAL_UART_Init) for HAL_UART_Init
    main.o(i.main) refers to motorcontrol.o(i.MX_MotorControl_Init) for MX_MotorControl_Init
    main.o(i.main) refers to stm32f3xx_hal_cortex.o(i.HAL_NVIC_SetPriority) for HAL_NVIC_SetPriority
    main.o(i.main) refers to stm32f3xx_hal_cortex.o(i.HAL_NVIC_EnableIRQ) for HAL_NVIC_EnableIRQ
    main.o(i.main) refers to main.o(.bss) for .bss
    motorcontrol.o(i.MX_MotorControl_Init) refers to stm32f3xx_hal_rcc.o(i.HAL_RCC_GetHCLKFreq) for HAL_RCC_GetHCLKFreq
    motorcontrol.o(i.MX_MotorControl_Init) refers to stm32f3xx_hal_cortex.o(i.HAL_SYSTICK_Config) for HAL_SYSTICK_Config
    motorcontrol.o(i.MX_MotorControl_Init) refers to mc_tasks.o(i.MCboot) for MCboot
    motorcontrol.o(i.MX_MotorControl_Init) refers to mc_tasks.o(i.mc_lock_pins) for mc_lock_pins
    motorcontrol.o(i.MX_MotorControl_Init) refers to ui_task.o(i.UI_TaskInit) for UI_TaskInit
    motorcontrol.o(i.MX_MotorControl_Init) refers to motorcontrol.o(.data) for .data
    motorcontrol.o(i.MX_MotorControl_Init) refers to motorcontrol.o(.constdata) for .constdata
    mc_api.o(i.MC_AcknowledgeFaultMotor1) refers to mc_interface.o(i.MCI_FaultAcknowledged) for MCI_FaultAcknowledged
[...]
    R3_1_F30X_WriteTIMRegisters              0x080052d5   Thumb Code   128  r3_1_f30x_pwm_curr_fdbk.o(i.R3_1_F30X_WriteTIMRegisters)
    i.RCM_ExecRegularConv                    0x0800535c   Section        0  regular_conversion_manager.o(i.RCM_ExecRegularConv)
    i.RCM_ExecUserConv                       0x080053e8   Section        0  regular_conversion_manager.o(i.RCM_ExecUserConv)
    i.RCM_RegisterRegConv                    0x0800542c   Section        0  regular_conversion_manager.o(i.RCM_RegisterRegConv)
    i.REMNG_Init                             0x08005538   Section        0  ramp_ext_mngr.o(i.REMNG_Init)
    i.RUC_GetNumberOfPhases                  0x08005548   Section        0  revup_ctrl.o(i.RUC_GetNumberOfPhases)
    i.RUC_GetPhaseDurationms                 0x0800554e   Section        0  revup_ctrl.o(i.RUC_GetPhaseDurationms)
    i.RUC_GetPhaseFinalMecSpeed01Hz          0x0800555a   Section        0  revup_ctrl.o(i.RUC_GetPhaseFinalMecSpeed01Hz)
    i.RUC_GetPhaseFinalTorque                0x08005568   Section        0  revup_ctrl.o(i.RUC_GetPhaseFinalTorque)
    i.RUC_SetPhaseDurationms                 0x08005576   Section        0  revup_ctrl.o(i.RUC_SetPhaseDurationms)
    i.RUC_SetPhaseFinalMecSpeed01Hz          0x08005582   Section        0  revup_ctrl.o(i.RUC_SetPhaseFinalMecSpeed01Hz)
    i.RUC_SetPhaseFinalTorque                0x0800558e   Section        0  revup_ctrl.o(i.RUC_SetPhaseFinalTorque)
    i.RVBS_CalcAvVbusFilt                    0x0800559a   Section        0  r_divider_bus_voltage_sensor.o(i.RVBS_CalcAvVbusFilt)
    i.RVBS_Init                              0x0800566a   Section        0  r_divider_bus_voltage_sensor.o(i.RVBS_Init)
    i.SPD_GetAvrgMecSpeed01Hz                0x080056ba   Section        0  speed_pos_fdbk.o(i.SPD_GetAvrgMecSpeed01Hz)
    i.SPD_GetElAngle                         0x080056c0   Section        0  speed_pos_fdbk.o(i.SPD_GetElAngle)
    i.SPD_GetS16Speed                        0x080056c6   Section        0  speed_pos_fdbk.o(i.SPD_GetS16Speed)
    i.SPD_IsMecSpeedReliable                 0x080056da   Section        0  speed_pos_fdbk.o(i.SPD_IsMecSpeedReliable)
    i.STC_CalcTorqueReference                0x0800573a   Section        0  speed_torq_ctrl.o(i.STC_CalcTorqueReference)
    i.STC_Clear                              0x08005796   Section        0  speed_torq_ctrl.o(i.STC_Clear)
    i.STC_ExecRamp                           0x080057a6   Section        0  speed_torq_ctrl.o(i.STC_ExecRamp)
    i.STC_ForceSpeedReferenceToCurrentSpeed  0x08005838   Section        0  speed_torq_ctrl.o(i.STC_ForceSpeedReferenceToCurrentSpeed)
    i.STC_GetDefaultIqdref                   0x08005848   Section        0  speed_torq_ctrl.o(i.STC_GetDefaultIqdref)
    i.STC_GetMaxAppPositiveMecSpeed01Hz      0x08005858   Section        0  speed_torq_ctrl.o(i.STC_GetMaxAppPositiveMecSpeed01Hz)
    i.STC_GetMecSpeedRef01Hz                 0x0800585c   Section        0  speed_torq_ctrl.o(i.STC_GetMecSpeedRef01Hz)
    i.STC_GetMecSpeedRef01HzDefault          0x08005868   Section        0  speed_torq_ctrl.o(i.STC_GetMecSpeedRef01HzDefault)
    i.STC_GetMinAppNegativeMecSpeed01Hz      0x0800586e   Section        0  speed_torq_ctrl.o(i.STC_GetMinAppNegativeMecSpeed01Hz)
    i.STC_GetSpeedSensor                     0x08005874   Section        0  speed_torq_ctrl.o(i.STC_GetSpeedSensor)
    i.STC_Init                               0x08005878   Section        0  speed_torq_ctrl.o(i.STC_Init)
    i.STC_SetControlMode                     0x08005898   Section        0  speed_torq_ctrl.o(i.STC_SetControlMode)
    i.STC_StopSpeedRamp                      0x080058a0   Section        0  speed_torq_ctrl.o(i.STC_StopSpeedRamp)
    i.STM_FaultAcknowledged                  0x080058b0   Section        0  state_machine.o(i.STM_FaultAcknowledged)
    i.STM_FaultProcessing                    0x080058c6   Section        0  state_machine.o(i.STM_FaultProcessing)
    i.STM_GetFaultState                      0x080058fc   Section        0  state_machine.o(i.STM_GetFaultState)
    i.STM_GetState                           0x08005906   Section        0  state_machine.o(i.STM_GetState)
    i.STM_Init                               0x0800590a   Section        0  state_machine.o(i.STM_Init)
    i.STM_NextState                          0x08005914   Section        0  state_machine.o(i.STM_NextState)
    i.SysTick_Handler                        0x08005a14   Section        0  stm32f30x_mc_it.o(i.SysTick_Handler)
    i.SystemInit                             0x08005a3c   Section        0  system_stm32f3xx.o(i.SystemInit)
    i.TIM1_BRK_TIM15_IRQHandler              0x08005aa4   Section        0  stm32f30x_mc_it.o(i.TIM1_BRK_TIM15_IRQHandler)
    i.TIM1_UP_TIM16_IRQHandler               0x08005ae8   Section        0  stm32f30x_mc_it.o(i.TIM1_UP_TIM16_IRQHandler)
    i.TIM2_IRQHandler                        0x08005b00   Section        0  stm32f30x_mc_it.o(i.TIM2_IRQHandler)
    i.TIM_Base_SetConfig                     0x08005b3c   Section        0  stm32f3xx_hal_tim.o(i.TIM_Base_SetConfig)
    i.TIM_OC2_SetConfig                      0x08005bbc   Section        0  stm32f3xx_hal_tim.o(i.TIM_OC2_SetConfig)
    i.TIM_SlaveTimer_SetConfig               0x08005c3c   Section        0  stm32f3xx_hal_tim.o(i.TIM_SlaveTimer_SetConfig)
    TIM_SlaveTimer_SetConfig                 0x08005c3d   Thumb Code   226  stm32f3xx_hal_tim.o(i.TIM_SlaveTimer_SetConfig)
    i.TIM_TI1_SetConfig                      0x08005d1e   Section        0  stm32f3xx_hal_tim.o(i.TIM_TI1_SetConfig)
    i.TSK_HardwareFaultTask                  0x08005d7c   Section        0  mc_tasks.o(i.TSK_HardwareFaultTask)
    i.TSK_HighFrequencyTask                  0x08005d9c   Section        0  mc_tasks.o(i.TSK_HighFrequencyTask)
    i.UART_AdvFeatureConfig                  0x08005e5c   Section        0  stm32f3xx_hal_uart.o(i.UART_AdvFeatureConfig)
    i.UART_CheckIdleState                    0x08005f36   Section        0  stm32f3xx_hal_uart.o(i.UART_CheckIdleState)
    i.UART_SetConfig                         0x08005f94   Section        0  stm32f3xx_hal_uart.o(i.UART_SetConfig)
    i.UART_WaitOnFlagUntilTimeout            0x08006140   Section        0  stm32f3xx_hal_uart.o(i.UART_WaitOnFlagUntilTimeout)
    i.UFCP_AbortReceive                      0x080061f4   Section        0  usart_frame_communication_protocol.o(i.UFCP_AbortReceive)
    i.UFCP_Init                              0x080061fc   Section        0  usart_frame_communication_protocol.o(i.UFCP_Init)
    i.UFCP_OVR_IRQ_Handler                   0x08006200   Section        0  usart_frame_communication_protocol.o(i.UFCP_OVR_IRQ_Handler)
    i.UFCP_RX_IRQ_Handler                    0x08006214   Section        0  usart_frame_communication_protocol.o(i.UFCP_RX_IRQ_Handler)
    i.UFCP_Receive                           0x080062c8   Section        0  usart_frame_communication_protocol.o(i.UFCP_Receive)
    i.UFCP_Send                              0x080062f0   Section        0  usart_frame_communication_protocol.o(i.UFCP_Send)
    i.UFCP_TX_IRQ_Handler                    0x08006360   Section        0  usart_frame_communication_protocol.o(i.UFCP_TX_IRQ_Handler)
    i.UI_DACExec                             0x080063c4   Section        0  user_interface.o(i.UI_DACExec)
    i.UI_DACInit                             0x080063ce   Section        0  user_interface.o(i.UI_DACInit)
    i.UI_DACUpdate                           0x080063d8   Section        0  ui_task.o(i.UI_DACUpdate)
    i.UI_ExecCmd                             0x080063f8   Section        0  user_interface.o(i.UI_ExecCmd)
    i.UI_ExecSpeedRamp                       0x08006468   Section        0  user_interface.o(i.UI_ExecSpeedRamp)
    i.UI_GetDAC                              0x0800648c   Section        0  user_interface.o(i.UI_GetDAC)
    i.UI_GetMPInfo                           0x0800649c   Section        0  user_interface.o(i.UI_GetMPInfo)
    i.UI_GetReg                              0x080064a0   Section        0  user_interface.o(i.UI_GetReg)
    i.UI_GetRevupData                        0x080067c8   Section        0  user_interface.o(i.UI_GetRevupData)
    i.UI_GetSelectedMC                       0x08006812   Section        0  user_interface.o(i.UI_GetSelectedMC)
    i.UI_HandleStartStopButton_cb            0x08006818   Section        0  ui_task.o(i.UI_HandleStartStopButton_cb)
    i.UI_Init                                0x08006830   Section        0  user_interface.o(i.UI_Init)
    i.UI_Scheduler                           0x08006848   Section        0  ui_task.o(i.UI_Scheduler)
    i.UI_SerialCommunicationTimeOutStart     0x08006874   Section        0  ui_task.o(i.UI_SerialCommunicationTimeOutStart)
    i.UI_SerialCommunicationTimeOutStop      0x08006880   Section        0  ui_task.o(i.UI_SerialCommunicationTimeOutStop)
    i.UI_SetCurrentReferences                0x0800688c   Section        0  user_interface.o(i.UI_SetCurrentReferences)
    i.UI_SetDAC                              0x080068a6   Section        0  user_interface.o(i.UI_SetDAC)
    i.UI_SetReg                              0x080068b0   Section        0  user_interface.o(i.UI_SetReg)
    i.UI_SetRevupData                        0x080069f4   Section        0  user_interface.o(i.UI_SetRevupData)
    i.UI_TaskInit                            0x08006a2c   Section        0  ui_task.o(i.UI_TaskInit)
    i.USART2_IRQHandler                      0x08006adc   Section        0  stm32f30x_mc_it.o(i.USART2_IRQHandler)
    i.VBS_GetAvBusVoltage_V                  0x08006b44   Section        0  bus_voltage_sensor.o(i.VBS_GetAvBusVoltage_V)
    i.__scatterload_copy                     0x08006b4e   Section       14  handlers.o(i.__scatterload_copy)
    i.__scatterload_null                     0x08006b5c   Section        2  handlers.o(i.__scatterload_null)
    i.__scatterload_zeroinit                 0x08006b5e   Section       14  handlers.o(i.__scatterload_zeroinit)
    i.main                                   0x08006b6c   Section        0  main.o(i.main)
    i.mc_lock_pins                           0x08006f5c   Section        0  mc_tasks.o(i.mc_lock_pins)
    i.startTimers                            0x08007064   Section        0  pwm_common.o(i.startTimers)
    .constdata                               0x080070c4   Section       32  motorcontrol.o(.constdata)
    .constdata                               0x080070e4   Section       84  mc_parameters.o(.constdata)
    .constdata                               0x08007138   Section       32  stm32f3xx_hal_rcc.o(.constdata)
    .constdata                               0x08007158   Section       16  system_stm32f3xx.o(.constdata)
    .constdata                               0x08007168   Section        8  system_stm32f3xx.o(.constdata)
    .constdata                               0x08007170   Section      512  mc_math.o(.constdata)
    .constdata                               0x08007370   Section       18  r3_1_f30x_pwm_curr_fdbk.o(.constdata)
    OFFSET_TAB_CCMRx                         0x08007370   Data           9  r3_1_f30x_pwm_curr_fdbk.o(.constdata)
    SHIFT_TAB_OCxx                           0x08007379   Data           9  r3_1_f30x_pwm_curr_fdbk.o(.constdata)
    .constdata                               0x08007382   Section        6  usart_frame_communication_protocol.o(.constdata)
    UFCP_Usart_Timeout_none                  0x08007382   Data           2  usart_frame_communication_protocol.o(.constdata)
    UFCP_Usart_Timeout_start                 0x08007384   Data           2  usart_frame_communication_protocol.o(.constdata)
    UFCP_Usart_Timeout_stop                  0x08007386   Data           2  usart_frame_communication_protocol.o(.constdata)
    .data                                    0x20000000   Section       12  motorcontrol.o(.data)
    .data                                    0x2000000c   Section        8  motor_control_protocol.o(.data)
    .data                                    0x20000014   Section      276  mc_config.o(.data)
    .data                                    0x20000128   Section       44  mc_config.o(.data)
    .data                                    0x20000154   Section       44  mc_config.o(.data)
    .data                                    0x20000180   Section       44  mc_config.o(.data)
    .data                                    0x200001ac   Section       52  mc_config.o(.data)
    .data                                    0x200001e0   Section      180  mc_config.o(.data)
    .data                                    0x20000294   Section      156  mc_config.o(.data)
    .data                                    0x20000330   Section       40  mc_config.o(.data)
    .data                                    0x20000358   Section       56  mc_config.o(.data)
    .data                                    0x20000390   Section       48  mc_config.o(.data)
    .data                                    0x200003c0   Section       60  mc_config.o(.data)
    .data                                    0x200003fc   Section       20  mc_config.o(.data)
    .data                                    0x20000410   Section      178  mc_config.o(.data)
    .data                                    0x200004c4   Section      316  mc_config.o(.data)
    .data                                    0x20000600   Section       58  mc_tasks.o(.data)
    hMFTaskCounterM1                         0x20000602   Data           2  mc_tasks.o(.data)
    hBootCapDelayCounterM1                   0x20000604   Data           2  mc_tasks.o(.data)
    hStopPermanencyCounterM1                 0x20000606   Data           2  mc_tasks.o(.data)
    .data                                    0x2000063a   Section        4  regular_conversion_manager.o(.data)
    .data                                    0x2000063e   Section        1  stm32f30x_mc_it.o(.data)
    SystickDividerCounter                    0x2000063e   Data           1  stm32f30x_mc_it.o(.data)
    .data                                    0x20000640   Section       16  ui_task.o(.data)
    bCOMATRTimeCounter                       0x20000640   Data           2  ui_task.o(.data)
    bUITaskCounter                           0x20000642   Data           2  ui_task.o(.data)
    bCOMTimeoutCounter                       0x20000644   Data           2  ui_task.o(.data)
    .data                                    0x20000650   Section       12  stm32f3xx_hal.o(.data)
    .data                                    0x2000065c   Section        4  system_stm32f3xx.o(.data)
    .bss                                     0x20000660   Section      356  main.o(.bss)
    .bss                                     0x200007c4   Section      148  mc_tasks.o(.bss)
    .bss                                     0x20000858   Section       48  regular_conversion_manager.o(.bss)
    .bss                                     0x20000888   Section      204  ui_task.o(.bss)
    STACK                                    0x20000958   Section     1024  startup_stm32f302x8.o(STACK)

    Global Symbols

    Symbol Name                              Value     Ov Type        Size  Object(Section)

    BuildAttributes$$THM_ISAv4$E$P$D$K$B$S$7EM$VFPi3$EXTD16$VFPS$VFMA$PE$A:L22UL41UL21$X:L11$S22US41US21$IEEE1$IW$USESV6$~STKCKD$USESV7$~SHL$OTIME$EBA8$MICROLIB$REQ8$PRES8$EABIv2 0x00000000   Number         0  anon$$obj.o ABSOLUTE
    __ARM_use_no_argv                        0x00000000   Number         0  main.o ABSOLUTE
    __cpp_initialize__aeabi_                  - Undefined Weak Reference
    __cxa_finalize                            - Undefined Weak Reference
    _clock_init                               - Undefined Weak Reference
    _microlib_exit                            - Undefined Weak Reference
    __Vectors_Size                           0x00000188   Number         0  startup_stm32f302x8.o ABSOLUTE
    __Vectors                                0x08000000   Data           4  startup_stm32f302x8.o(RESET)
    __Vectors_End                            0x08000188   Data           0  startup_stm32f302x8.o(RESET)
    __main                                   0x08000189   Thumb Code     0  entry.o(.ARM.Collect$$$$00000000)
    _main_stk                                0x08000189   Thumb Code     0  entry2.o(.ARM.Collect$$$$00000001)
    _main_scatterload                        0x0800018d   Thumb Code     0  entry5.o(.ARM.Collect$$$$00000004)
    __main_after_scatterload                 0x08000191   Thumb Code     0  entry5.o(.ARM.Collect$$$$00000004)
    _main_clock                              0x08000191   Thumb Code     0  entry7b.o(.ARM.Collect$$$$00000008)
    _main_cpp_init                           0x08000191   Thumb Code     0  entry8b.o(.ARM.Collect$$$$0000000A)
    _main_init                               0x08000191   Thumb Code     0  entry9a.o(.ARM.Collect$$$$0000000B)
    __rt_final_cpp                           0x08000199   Thumb Code     0  entry10a.o(.ARM.Collect$$$$0000000D)
    __rt_final_exit                          0x08000199   Thumb Code     0  entry11a.o(.ARM.Collect$$$$0000000F)
    Reset_Handler                            0x0800019d   Thumb Code     8  startup_stm32f302x8.o(.text)
    NMI_Handler                              0x080001a5   Thumb Code     2  startup_stm32f302x8.o(.text)
    MemManage_Handler                        0x080001a9   Thumb Code     2  startup_stm32f302x8.o(.text)
    BusFault_Handler                         0x080001ab   Thumb Code     2  startup_stm32f302x8.o(.text)
    UsageFault_Handler                       0x080001ad   Thumb Code     2  startup_stm32f302x8.o(.text)
    SVC_Handler                              0x080001af   Thumb Code     2  startup_stm32f302x8.o(.text)
    DebugMon_Handler                         0x080001b1   Thumb Code     2  startup_stm32f302x8.o(.text)
    PendSV_Handler                           0x080001b3   Thumb Code     2  startup_stm32f302x8.o(.text)
    CAN_RX1_IRQHandler                       0x080001b7   Thumb Code     0  startup_stm32f302x8.o(.text)
    CAN_SCE_IRQHandler                       0x080001b7   Thumb Code     0  startup_stm32f302x8.o(.text)
    COMP2_IRQHandler                         0x080001b7   Thumb Code     0  startup_stm32f302x8.o(.text)
    COMP4_6_IRQHandler                       0x080001b7   Thumb Code     0  startup_stm32f302x8.o(.text)
    DMA1_Channel1_IRQHandler                 0x080001b7   Thumb Code     0  startup_stm32f302x8.o(.text)
    DMA1_Channel2_IRQHandler                 0x080001b7   Thumb Code     0  startup_stm32f302x8.o(.text)
    DMA1_Channel3_IRQHandler                 0x080001b7   Thumb Code     0  startup_stm32f302x8.o(.text)
    DMA1_Channel4_IRQHandler                 0x080001b7   Thumb Code     0  startup_stm32f302x8.o(.text)
    DMA1_Channel5_IRQHandler                 0x080001b7   Thumb Code     0  startup_stm32f302x8.o(.text)
    DMA1_Channel6_IRQHandler                 0x080001b7   Thumb Code     0  startup_stm32f302x8.o(.text)
    DMA1_Channel7_IRQHandler                 0x080001b7   Thumb Code     0  startup_stm32f302x8.o(.text)
    EXTI0_IRQHandler                         0x080001b7   Thumb Code     0  startup_stm32f302x8.o(.text)
    EXTI1_IRQHandler                         0x080001b7   Thumb Code     0  startup_stm32f302x8.o(.text)
    EXTI2_TSC_IRQHandler                     0x080001b7   Thumb Code     0  startup_stm32f302x8.o(.text)
    EXTI3_IRQHandler                         0x080001b7   Thumb Code     0  startup_stm32f302x8.o(.text)
    EXTI4_IRQHandler                         0x080001b7   Thumb Code     0  startup_stm32f302x8.o(.text)
    EXTI9_5_IRQHandler                       0x080001b7   Thumb Code     0  startup_stm32f302x8.o(.text)
    FLASH_IRQHandler                         0x080001b7   Thumb Code     0  startup_stm32f302x8.o(.text)
    FPU_IRQHandler                           0x080001b7   Thumb Code     0  startup_stm32f302x8.o(.text)
    I2C1_ER_IRQHandler                       0x080001b7   Thumb Code     0  startup_stm32f302x8.o(.text)
    I2C1_EV_IRQHandler                       0x080001b7   Thumb Code     0  startup_stm32f302x8.o(.text)
    I2C2_ER_IRQHandler                       0x080001b7   Thumb Code     0  startup_stm32f302x8.o(.text)
    I2C2_EV_IRQHandler                       0x080001b7   Thumb Code     0  startup_stm32f302x8.o(.text)
    I2C3_ER_IRQHandler                       0x080001b7   Thumb Code     0  startup_stm32f302x8.o(.text)
    I2C3_EV_IRQHandler                       0x080001b7   Thumb Code     0  startup_stm32f302x8.o(.text)
    PVD_IRQHandler                           0x080001b7   Thumb Code     0  startup_stm32f302x8.o(.text)
    RCC_IRQHandler                           0x080001b7   Thumb Code     0  startup_stm32f302x8.o(.text)
    RTC_Alarm_IRQHandler                     0x080001b7   Thumb Code     0  startup_stm32f302x8.o(.text)
    RTC_WKUP_IRQHandler                      0x080001b7   Thumb Code     0  startup_stm32f302x8.o(.text)
    SPI2_IRQHandler                          0x080001b7   Thumb Code     0  startup_stm32f302x8.o(.text)
    SPI3_IRQHandler                          0x080001b7   Thumb Code     0  startup_stm32f302x8.o(.text)
    TAMP_STAMP_IRQHandler                    0x080001b7   Thumb Code     0  startup_stm32f302x8.o(.text)
    TIM1_CC_IRQHandler                       0x080001b7   Thumb Code     0  startup_stm32f302x8.o(.text)
    TIM1_TRG_COM_TIM17_IRQHandler            0x080001b7   Thumb Code     0  startup_stm32f302x8.o(.text)
    TIM6_DAC_IRQHandler                      0x080001b7   Thumb Code     0  startup_stm32f302x8.o(.text)
    USART1_IRQHandler                        0x080001b7   Thumb Code     0  startup_stm32f302x8.o(.text)
    USART3_IRQHandler                        0x080001b7   Thumb Code     0  startup_stm32f302x8.o(.text)
    USBWakeUp_IRQHandler                     0x080001b7   Thumb Code     0  startup_stm32f302x8.o(.text)
    USBWakeUp_RMP_IRQHandler                 0x080001b7   Thumb Code     0  startup_stm32f302x8.o(.text)
    USB_HP_CAN_TX_IRQHandler                 0x080001b7   Thumb Code     0  startup_stm32f302x8.o(.text)
    USB_HP_IRQHandler                        0x080001b7   Thumb Code     0  startup_stm32f302x8.o(.text)
    USB_LP_CAN_RX0_IRQHandler                0x080001b7   Thumb Code     0  startup_stm32f302x8.o(.text)
    USB_LP_IRQHandler                        0x080001b7   Thumb Code     0  startup_stm32f302x8.o(.text)
    WWDG_IRQHandler                          0x080001b7   Thumb Code     0  startup_stm32f302x8.o(.text)
    __aeabi_uldivmod                         0x080001c1   Thumb Code    98  uldiv.o(.text)
    __aeabi_llsr                             0x08000223   Thumb Code    32  llushr.o(.text)
    _ll_ushift_r                             0x08000223   Thumb Code     0  llushr.o(.text)
    __aeabi_memset                           0x08000243   Thumb Code    14  memseta.o(.text)
    __aeabi_memset4                          0x08000243   Thumb Code     0  memseta.o(.text)
    __aeabi_memset8                          0x08000243   Thumb Code     0  memseta.o(.text)
    __aeabi_memclr                           0x08000251   Thumb Code     4  memseta.o(.text)
    __aeabi_memclr4                          0x08000251   Thumb Code     0  memseta.o(.text)
    __aeabi_memclr8                          0x08000251   Thumb Code     0  memseta.o(.text)
    _memset$wrapper                          0x08000255   Thumb Code    18  memseta.o(.text)
    __aeabi_llsl                             0x08000267   Thumb Code    30  llshl.o(.text)
    _ll_shift_l                              0x08000267   Thumb Code     0  llshl.o(.text)
    __scatterload                            0x08000285   Thumb Code    28  init.o(.text)
    __scatterload_rt2                        0x08000285   Thumb Code     0  init.o(.text)
    __decompress                             0x080002a9   Thumb Code     0  __dczerorl2.o(.text)
    __decompress1                            0x080002a9   Thumb Code    86  __dczerorl2.o(.text)
    ADC1_IRQHandler                          0x080002ff   Thumb Code    22  stm32f30x_mc_it.o(i.ADC1_IRQHandler)
    Circle_Limitation                        0x08000381   Thumb Code    86  circle_limitation.o(i.Circle_Limitation)
    DAC_Exec                                 0x080003d9   Thumb Code    68  dac_ui.o(i.DAC_Exec)
    DAC_GetChannelConfig                     0x08000421   Thumb Code     8  dac_common_ui.o(i.DAC_GetChannelConfig)
    DAC_GetUserChannelValue                  0x08000429   Thumb Code    10  dac_common_ui.o(i.DAC_GetUserChannelValue)
    DAC_Init                                 0x08000435   Thumb Code    20  dac_ui.o(i.DAC_Init)
    DAC_SetChannelConfig                     0x0800044d   Thumb Code     8  dac_common_ui.o(i.DAC_SetChannelConfig)
    DAC_SetUserChannelValue                  0x08000455   Thumb Code     8  dac_common_ui.o(i.DAC_SetUserChannelValue)
    EXTI15_10_IRQHandler                     0x0800045d   Thumb Code    12  stm32f30x_mc_it.o(i.EXTI15_10_IRQHandler)
    FCP_CalcCRC                              0x0800046d   Thumb Code    92  frame_communication_protocol.o(i.FCP_CalcCRC)
    FCP_Init                                 0x080004c9   Thumb Code    42  frame_communication_protocol.o(i.FCP_Init)
    FCP_SetClient                            0x080004f3   Thumb Code    14  frame_communication_protocol.o(i.FCP_SetClient)
    HALL_CalcAvrgMecSpeed01Hz                0x0800056d   Thumb Code   182  hall_speed_pos_fdbk.o(i.HALL_CalcAvrgMecSpeed01Hz)
    HALL_CalcElAngle                         0x08000623   Thumb Code    66  hall_speed_pos_fdbk.o(i.HALL_CalcElAngle)
    HALL_Clear                               0x08000665   Thumb Code    86  hall_speed_pos_fdbk.o(i.HALL_Clear)
    HALL_Init                                0x080006bd   Thumb Code   278  hall_speed_pos_fdbk.o(i.HALL_Init)
    HALL_TIMx_CC_IRQHandler                  0x080008ad   Thumb Code   720  hall_speed_pos_fdbk.o(i.HALL_TIMx_CC_IRQHandler)
    HALL_TIMx_UP_IRQHandler                  0x08000b7d   Thumb Code   144  hall_speed_pos_fdbk.o(i.HALL_TIMx_UP_IRQHandler)
    HAL_ADCEx_InjectedConfigChannel          0x08000c0d   Thumb Code  1110  stm32f3xx_hal_adc_ex.o(i.HAL_ADCEx_InjectedConfigChannel)
    HAL_ADC_ConfigChannel                    0x08001079   Thumb Code   840  stm32f3xx_hal_adc_ex.o(i.HAL_ADC_ConfigChannel)
    HAL_ADC_Init                             0x080013d1   Thumb Code   496  stm32f3xx_hal_adc_ex.o(i.HAL_ADC_Init)
    HAL_ADC_MspInit                          0x080015d5   Thumb Code   114  stm32f3xx_hal_msp.o(i.HAL_ADC_MspInit)
    HAL_DAC_ConfigChannel                    0x08001651   Thumb Code    78  stm32f3xx_hal_dac_ex.o(i.HAL_DAC_ConfigChannel)
    HAL_DAC_Init                             0x0800169f   Thumb Code    40  stm32f3xx_hal_dac.o(i.HAL_DAC_Init)
    HAL_DAC_MspInit                          0x080016c9   Thumb Code    88  stm32f3xx_hal_msp.o(i.HAL_DAC_MspInit)
    HAL_GPIO_Init                            0x08001725   Thumb Code   492  stm32f3xx_hal_gpio.o(i.HAL_GPIO_Init)
    HAL_GPIO_WritePin                        0x08001925   Thumb Code    10  stm32f3xx_hal_gpio.o(i.HAL_GPIO_WritePin)
    HAL_GetTick                              0x08001931   Thumb Code     6  stm32f3xx_hal.o(i.HAL_GetTick)
    HAL_IncTick                              0x0800193d   Thumb Code    12  stm32f3xx_hal.o(i.HAL_IncTick)
    HAL_Init                                 0x0800194d   Thumb Code    32  stm32f3xx_hal.o(i.HAL_Init)
    HAL_InitTick                             0x08001971   Thumb Code    54  stm32f3xx_hal.o(i.HAL_InitTick)
    HAL_MspInit                              0x080019b1   Thumb Code    40  stm32f3xx_hal_msp.o(i.HAL_MspInit)
    HAL_NVIC_EnableIRQ                       0x080019dd   Thumb Code    30  stm32f3xx_hal_cortex.o(i.HAL_NVIC_EnableIRQ)
    HAL_NVIC_SetPriority                     0x080019fd   Thumb Code    96  stm32f3xx_hal_cortex.o(i.HAL_NVIC_SetPriority)
    HAL_NVIC_SetPriorityGrouping             0x08001a61   Thumb Code    30  stm32f3xx_hal_cortex.o(i.HAL_NVIC_SetPriorityGrouping)
    HAL_RCCEx_PeriphCLKConfig                0x08001a85   Thumb Code   530  stm32f3xx_hal_rcc_ex.o(i.HAL_RCCEx_PeriphCLKConfig)
    HAL_RCC_ClockConfig                      0x08001ca1   Thumb Code   518  stm32f3xx_hal_rcc.o(i.HAL_RCC_ClockConfig)
    HAL_RCC_GetHCLKFreq                      0x08001ecd   Thumb Code     6  stm32f3xx_hal_rcc.o(i.HAL_RCC_GetHCLKFreq)
    HAL_RCC_GetPCLK1Freq                     0x08001ed9   Thumb Code    34  stm32f3xx_hal_rcc.o(i.HAL_RCC_GetPCLK1Freq)
    HAL_RCC_GetPCLK2Freq                     0x08001f09   Thumb Code    34  stm32f3xx_hal_rcc.o(i.HAL_RCC_GetPCLK2Freq)
    HAL_RCC_GetSysClockFreq                  0x08001f39   Thumb Code   104  stm32f3xx_hal_rcc.o(i.HAL_RCC_GetSysClockFreq)
    HAL_RCC_OscConfig                        0x08001fb1   Thumb Code  1484  stm32f3xx_hal_rcc.o(i.HAL_RCC_OscConfig)
    HAL_SYSTICK_Callback                     0x0800257d   Thumb Code     2  stm32f3xx_hal_cortex.o(i.HAL_SYSTICK_Callback)
    HAL_SYSTICK_Config                       0x08002581   Thumb Code    38  stm32f3xx_hal_cortex.o(i.HAL_SYSTICK_Config)
    HAL_SYSTICK_IRQHandler                   0x080025ad   Thumb Code     8  stm32f3xx_hal_cortex.o(i.HAL_SYSTICK_IRQHandler)
    HAL_TIMEx_ConfigBreakDeadTime            0x080025b5   Thumb Code   134  stm32f3xx_hal_tim_ex.o(i.HAL_TIMEx_ConfigBreakDeadTime)
    HAL_TIMEx_HallSensor_Init                0x0800263b   Thumb Code   192  stm32f3xx_hal_tim_ex.o(i.HAL_TIMEx_HallSensor_Init)
    HAL_TIMEx_HallSensor_MspInit             0x080026fb   Thumb Code     2  stm32f3xx_hal_tim_ex.o(i.HAL_TIMEx_HallSensor_MspInit)
    HAL_TIMEx_MasterConfigSynchronization    0x080026fd   Thumb Code   104  stm32f3xx_hal_tim_ex.o(i.HAL_TIMEx_MasterConfigSynchronization)
    HAL_TIM_Base_Init                        0x08002769   Thumb Code    54  stm32f3xx_hal_tim.o(i.HAL_TIM_Base_Init)
    HAL_TIM_Base_MspInit                     0x080027a1   Thumb Code   198  stm32f3xx_hal_msp.o(i.HAL_TIM_Base_MspInit)
    HAL_TIM_ConfigClockSource                0x08002871   Thumb Code   392  stm32f3xx_hal_tim.o(i.HAL_TIM_ConfigClockSource)
    HAL_TIM_MspPostInit                      0x080029f9   Thumb Code    84  stm32f3xx_hal_msp.o(i.HAL_TIM_MspPostInit)
    HAL_TIM_PWM_ConfigChannel                0x08002a51   Thumb Code   794  stm32f3xx_hal_tim.o(i.HAL_TIM_PWM_ConfigChannel)
    HAL_TIM_PWM_Init                         0x08002d7d   Thumb Code    54  stm32f3xx_hal_tim.o(i.HAL_TIM_PWM_Init)
    HAL_TIM_PWM_MspInit                      0x08002db3   Thumb Code     2  stm32f3xx_hal_tim.o(i.HAL_TIM_PWM_MspInit)
    HAL_TIM_SlaveConfigSynchro               0x08002db5   Thumb Code    86  stm32f3xx_hal_tim.o(i.HAL_TIM_SlaveConfigSynchro)
    HAL_UART_Init                            0x08002e0b   Thumb Code   106  stm32f3xx_hal_uart.o(i.HAL_UART_Init)
    HAL_UART_MspInit                         0x08002e75   Thumb Code    92  stm32f3xx_hal_msp.o(i.HAL_UART_MspInit)
    HardFault_Handler                        0x08002ed5   Thumb Code    98  stm32f30x_mc_it.o(i.HardFault_Handler)
    MCI_Clear_Iqdref                         0x08002fb5   Thumb Code    16  mc_interface.o(i.MCI_Clear_Iqdref)
    MCI_EncoderAlign                         0x08002fc5   Thumb Code     8  mc_interface.o(i.MCI_EncoderAlign)
    MCI_ExecBufferedCommands                 0x08002fcd   Thumb Code   120  mc_interface.o(i.MCI_ExecBufferedCommands)
    MCI_ExecSpeedRamp                        0x08003045   Thumb Code    14  mc_interface.o(i.MCI_ExecSpeedRamp)
    MCI_ExecTorqueRamp                       0x08003053   Thumb Code    18  mc_interface.o(i.MCI_ExecTorqueRamp)
    MCI_FaultAcknowledged                    0x08003065   Thumb Code     6  mc_interface.o(i.MCI_FaultAcknowledged)
    MCI_GetAvrgMecSpeed01Hz                  0x0800306b   Thumb Code    16  mc_interface.o(i.MCI_GetAvrgMecSpeed01Hz)
    MCI_GetControlMode                       0x0800307b   Thumb Code     4  mc_interface.o(i.MCI_GetControlMode)
    MCI_GetIab                               0x0800307f   Thumb Code     6  mc_interface.o(i.MCI_GetIab)
    MCI_GetIalphabeta                        0x08003085   Thumb Code     6  mc_interface.o(i.MCI_GetIalphabeta)
    MCI_GetIqd                               0x0800308b   Thumb Code     6  mc_interface.o(i.MCI_GetIqd)
    MCI_GetIqdref                            0x08003091   Thumb Code     6  mc_interface.o(i.MCI_GetIqdref)
    MCI_GetLastRampFinalSpeed                0x08003097   Thumb Code    16  mc_interface.o(i.MCI_GetLastRampFinalSpeed)
    MCI_GetMecSpeedRef01Hz                   0x080030a7   Thumb Code     6  mc_interface.o(i.MCI_GetMecSpeedRef01Hz)
    MCI_GetSTMState                          0x080030ad   Thumb Code     6  mc_interface.o(i.MCI_GetSTMState)
    MCI_GetTeref                             0x080030b3   Thumb Code     8  mc_interface.o(i.MCI_GetTeref)
    MCI_GetValphabeta                        0x080030bb   Thumb Code     8  mc_interface.o(i.MCI_GetValphabeta)
    MCI_GetVqd                               0x080030c3   Thumb Code     8  mc_interface.o(i.MCI_GetVqd)
    MCI_Init                                 0x080030cb   Thumb Code    20  mc_interface.o(i.MCI_Init)
    MCI_SetCurrentReferences                 0x080030df   Thumb Code    20  mc_interface.o(i.MCI_SetCurrentReferences)
    MCI_SetIdref                             0x080030f3   Thumb Code    10  mc_interface.o(i.MCI_SetIdref)
    MCI_StartMotor                           0x080030fd   Thumb Code    22  mc_interface.o(i.MCI_StartMotor)
    MCI_StopMotor                            0x08003113   Thumb Code     8  mc_interface.o(i.MCI_StopMotor)
    MCI_StopSpeedRamp                        0x0800311b   Thumb Code     6  mc_interface.o(i.MCI_StopSpeedRamp)
    MCM_Clarke                               0x08003121   Thumb Code    72  mc_math.o(i.MCM_Clarke)
    MCM_Park                                 0x0800316d   Thumb Code   122  mc_math.o(i.MCM_Park)
    MCM_Rev_Park                             0x080031f1   Thumb Code    54  mc_math.o(i.MCM_Rev_Park)
    MCM_Trig_Functions                       0x08003229   Thumb Code   112  mc_math.o(i.MCM_Trig_Functions)
    MCP_Init                                 0x0800329d   Thumb Code    68  motor_control_protocol.o(i.MCP_Init)
    MCP_OnTimeOut                            0x080032ed   Thumb Code    26  motor_control_protocol.o(i.MCP_OnTimeOut)
    MCP_ReceivedFrame                        0x08003309   Thumb Code  1620  motor_control_protocol.o(i.MCP_ReceivedFrame)
    MCP_SentFrame                            0x08003965   Thumb Code    26  motor_control_protocol.o(i.MCP_SentFrame)
    MC_GetSTMStateMotor1                     0x08003981   Thumb Code     8  mc_api.o(i.MC_GetSTMStateMotor1)
    MC_RunMotorControlTasks                  0x0800398d   Thumb Code   126  mc_tasks.o(i.MC_RunMotorControlTasks)
    MC_Scheduler                             0x08003a1d   Thumb Code   362  mc_tasks.o(i.MC_Scheduler)
    MC_StartMotor1                           0x08003ba9   Thumb Code     8  mc_api.o(i.MC_StartMotor1)
    MC_StopMotor1                            0x08003bb5   Thumb Code     8  mc_api.o(i.MC_StopMotor1)
    MCboot                                   0x08003bc1   Thumb Code   336  mc_tasks.o(i.MCboot)
    MPM_CalcElMotorPower                     0x08003d49   Thumb Code    96  motor_power_measurement.o(i.MPM_CalcElMotorPower)
    MPM_Clear                                0x08003da9   Thumb Code    24  motor_power_measurement.o(i.MPM_Clear)
    MPM_GetAvrgElMotorPowerW                 0x08003dc1   Thumb Code     6  motor_power_measurement.o(i.MPM_GetAvrgElMotorPowerW)
    MX_MotorControl_Init                     0x08003dc9   Thumb Code    48  motorcontrol.o(i.MX_MotorControl_Init)
    NTC_CalcAvTemp                           0x08003e01   Thumb Code    78  ntc_temperature_sensor.o(i.NTC_CalcAvTemp)
    NTC_GetAvTemp_C                          0x08003e4f   Thumb Code    40  ntc_temperature_sensor.o(i.NTC_GetAvTemp_C)
    NTC_Init                                 0x08003e77   Thumb Code    32  ntc_temperature_sensor.o(i.NTC_Init)
    PID_GetKD                                0x08003e97   Thumb Code     6  pid_regulator.o(i.PID_GetKD)
    PID_GetKI                                0x08003e9d   Thumb Code     6  pid_regulator.o(i.PID_GetKI)
    PID_GetKIDivisor                         0x08003ea3   Thumb Code     4  pid_regulator.o(i.PID_GetKIDivisor)
    PID_GetKP                                0x08003ea7   Thumb Code     6  pid_regulator.o(i.PID_GetKP)
    PID_GetKPDivisor                         0x08003ead   Thumb Code     4  pid_regulator.o(i.PID_GetKPDivisor)
    PID_HandleInit                           0x08003eb1   Thumb Code    20  pid_regulator.o(i.PID_HandleInit)
    PID_SetIntegralTerm                      0x08003ec5   Thumb Code     4  pid_regulator.o(i.PID_SetIntegralTerm)
    PID_SetKD                                0x08003ec9   Thumb Code     4  pid_regulator.o(i.PID_SetKD)
    PID_SetKI                                0x08003ecd   Thumb Code     4  pid_regulator.o(i.PID_SetKI)
    PID_SetKP                                0x08003ed1   Thumb Code     4  pid_regulator.o(i.PID_SetKP)
    PI_Controller                            0x08003ed5   Thumb Code   122  pid_regulator.o(i.PI_Controller)
    PQD_CalcElMotorPower                     0x08003f55   Thumb Code    90  pqd_motor_power_measurement.o(i.PQD_CalcElMotorPower)
    PWMC_CheckOverCurrent                    0x08003fb5   Thumb Code     4  pwm_curr_fdbk.o(i.PWMC_CheckOverCurrent)
    PWMC_CurrentReadingCalibr                0x08003fb9   Thumb Code    66  pwm_curr_fdbk.o(i.PWMC_CurrentReadingCalibr)
    PWMC_GetPhaseCurrents                    0x08003ffb   Thumb Code     4  pwm_curr_fdbk.o(i.PWMC_GetPhaseCurrents)
    PWMC_SetPhaseVoltage                     0x08003fff   Thumb Code   414  pwm_curr_fdbk.o(i.PWMC_SetPhaseVoltage)
    PWMC_SwitchOffPWM                        0x0800419d   Thumb Code     4  pwm_curr_fdbk.o(i.PWMC_SwitchOffPWM)
    R3_1_F30X_BRK2_IRQHandler                0x080041a1   Thumb Code    52  r3_1_f30x_pwm_curr_fdbk.o(i.R3_1_F30X_BRK2_IRQHandler)
    R3_1_F30X_BRK_IRQHandler                 0x080041d5   Thumb Code    28  r3_1_f30x_pwm_curr_fdbk.o(i.R3_1_F30X_BRK_IRQHandler)
    R3_1_F30X_CurrentReadingCalibration      0x080041f1   Thumb Code   352  r3_1_f30x_pwm_curr_fdbk.o(i.R3_1_F30X_CurrentReadingCalibration)
    R3_1_F30X_GetPhaseCurrents               0x08004379   Thumb Code   288  r3_1_f30x_pwm_curr_fdbk.o(i.R3_1_F30X_GetPhaseCurrents)
    R3_1_F30X_Init                           0x08004511   Thumb Code   964  r3_1_f30x_pwm_curr_fdbk.o(i.R3_1_F30X_Init)
    R3_1_F30X_IsOverCurrentOccurred          0x080048e1   Thumb Code    38  r3_1_f30x_pwm_curr_fdbk.o(i.R3_1_F30X_IsOverCurrentOccurred)
    R3_1_F30X_RLDetectionModeDisable         0x08004909   Thumb Code   262  r3_1_f30x_pwm_curr_fdbk.o(i.R3_1_F30X_RLDetectionModeDisable)
    R3_1_F30X_RLDetectionModeEnable          0x08004a21   Thumb Code   218  r3_1_f30x_pwm_curr_fdbk.o(i.R3_1_F30X_RLDetectionModeEnable)
    R3_1_F30X_RLDetectionModeSetDuty         0x08004b0d   Thumb Code    74  r3_1_f30x_pwm_curr_fdbk.o(i.R3_1_F30X_RLDetectionModeSetDuty)
    R3_1_F30X_RLGetPhaseCurrents             0x08004b59   Thumb Code    84  r3_1_f30x_pwm_curr_fdbk.o(i.R3_1_F30X_RLGetPhaseCurrents)
    R3_1_F30X_RLSwitchOffPWM                 0x08004bb1   Thumb Code   226  r3_1_f30x_pwm_curr_fdbk.o(i.R3_1_F30X_RLSwitchOffPWM)
    R3_1_F30X_RLSwitchOnPWM                  0x08004c9d   Thumb Code   150  r3_1_f30x_pwm_curr_fdbk.o(i.R3_1_F30X_RLSwitchOnPWM)
    R3_1_F30X_RLTurnOnLowSides               0x08004d33   Thumb Code    70  r3_1_f30x_pwm_curr_fdbk.o(i.R3_1_F30X_RLTurnOnLowSides)
    R3_1_F30X_SetADCSampPointCalibration     0x08004d79   Thumb Code    18  r3_1_f30x_pwm_curr_fdbk.o(i.R3_1_F30X_SetADCSampPointCalibration)
    R3_1_F30X_SetADCSampPointSect1           0x08004d8b   Thumb Code   104  r3_1_f30x_pwm_curr_fdbk.o(i.R3_1_F30X_SetADCSampPointSect1)
    R3_1_F30X_SetADCSampPointSect2           0x08004df3   Thumb Code   104  r3_1_f30x_pwm_curr_fdbk.o(i.R3_1_F30X_SetADCSampPointSect2)
    R3_1_F30X_SetADCSampPointSect3           0x08004e5b   Thumb Code   104  r3_1_f30x_pwm_curr_fdbk.o(i.R3_1_F30X_SetADCSampPointSect3)
    R3_1_F30X_SetADCSampPointSect4           0x08004ec3   Thumb Code   104  r3_1_f30x_pwm_curr_fdbk.o(i.R3_1_F30X_SetADCSampPointSect4)
    R3_1_F30X_SetADCSampPointSect5           0x08004f2b   Thumb Code   104  r3_1_f30x_pwm_curr_fdbk.o(i.R3_1_F30X_SetADCSampPointSect5)
    R3_1_F30X_SetADCSampPointSect6           0x08004f93   Thumb Code   104  r3_1_f30x_pwm_curr_fdbk.o(i.R3_1_F30X_SetADCSampPointSect6)
    R3_1_F30X_SwitchOffPWM                   0x08004ffd   Thumb Code   436  r3_1_f30x_pwm_curr_fdbk.o(i.R3_1_F30X_SwitchOffPWM)
    R3_1_F30X_SwitchOnPWM                    0x080051c1   Thumb Code   192  r3_1_f30x_pwm_curr_fdbk.o(i.R3_1_F30X_SwitchOnPWM)
    R3_1_F30X_TIMx_UP_IRQHandler             0x08005281   Thumb Code     4  r3_1_f30x_pwm_curr_fdbk.o(i.R3_1_F30X_TIMx_UP_IRQHandler)
    R3_1_F30X_TurnOnLowSides                 0x08005285   Thumb Code    80  r3_1_f30x_pwm_curr_fdbk.o(i.R3_1_F30X_TurnOnLowSides)
    RCM_ExecRegularConv                      0x0800535d   Thumb Code   132  regular_conversion_manager.o(i.RCM_ExecRegularConv)
    RCM_ExecUserConv                         0x080053e9   Thumb Code    60  regular_conversion_manager.o(i.RCM_ExecUserConv)
    RCM_RegisterRegConv                      0x0800542d   Thumb Code   254  regular_conversion_manager.o(i.RCM_RegisterRegConv)
    REMNG_Init                               0x08005539   Thumb Code    16  ramp_ext_mngr.o(i.REMNG_Init)
    RUC_GetNumberOfPhases                    0x08005549   Thumb Code     6  revup_ctrl.o(i.RUC_GetNumberOfPhases)
    RUC_GetPhaseDurationms                   0x0800554f   Thumb Code    12  revup_ctrl.o(i.RUC_GetPhaseDurationms)
    RUC_GetPhaseFinalMecSpeed01Hz            0x0800555b   Thumb Code    14  revup_ctrl.o(i.RUC_GetPhaseFinalMecSpeed01Hz)
    RUC_GetPhaseFinalTorque                  0x08005569   Thumb Code    14  revup_ctrl.o(i.RUC_GetPhaseFinalTorque)
    RUC_SetPhaseDurationms                   0x08005577   Thumb Code    12  revup_ctrl.o(i.RUC_SetPhaseDurationms)
    RUC_SetPhaseFinalMecSpeed01Hz            0x08005583   Thumb Code    12  revup_ctrl.o(i.RUC_SetPhaseFinalMecSpeed01Hz)
    RUC_SetPhaseFinalTorque                  0x0800558f   Thumb Code    12  revup_ctrl.o(i.RUC_SetPhaseFinalTorque)
    RVBS_CalcAvVbusFilt                      0x0800559b   Thumb Code   208  r_divider_bus_voltage_sensor.o(i.RVBS_CalcAvVbusFilt)
    RVBS_Init                                0x0800566b   Thumb Code    80  r_divider_bus_voltage_sensor.o(i.RVBS_Init)
    SPD_GetAvrgMecSpeed01Hz                  0x080056bb   Thumb Code     6  speed_pos_fdbk.o(i.SPD_GetAvrgMecSpeed01Hz)
    SPD_GetElAngle                           0x080056c1   Thumb Code     6  speed_pos_fdbk.o(i.SPD_GetElAngle)
    SPD_GetS16Speed                          0x080056c7   Thumb Code    20  speed_pos_fdbk.o(i.SPD_GetS16Speed)
    SPD_IsMecSpeedReliable                   0x080056db   Thumb Code    96  speed_pos_fdbk.o(i.SPD_IsMecSpeedReliable)
    STC_CalcTorqueReference                  0x0800573b   Thumb Code    92  speed_torq_ctrl.o(i.STC_CalcTorqueReference)
    STC_Clear                                0x08005797   Thumb Code    16  speed_torq_ctrl.o(i.STC_Clear)
    STC_ExecRamp                             0x080057a7   Thumb Code   146  speed_torq_ctrl.o(i.STC_ExecRamp)
    STC_ForceSpeedReferenceToCurrentSpeed    0x08005839   Thumb Code    16  speed_torq_ctrl.o(i.STC_ForceSpeedReferenceToCurrentSpeed)
    STC_GetDefaultIqdref                     0x08005849   Thumb Code    16  speed_torq_ctrl.o(i.STC_GetDefaultIqdref)
    STC_GetMaxAppPositiveMecSpeed01Hz        0x08005859   Thumb Code     4  speed_torq_ctrl.o(i.STC_GetMaxAppPositiveMecSpeed01Hz)
    STC_GetMecSpeedRef01Hz                   0x0800585d   Thumb Code    12  speed_torq_ctrl.o(i.STC_GetMecSpeedRef01Hz)
    STC_GetMecSpeedRef01HzDefault            0x08005869   Thumb Code     6  speed_torq_ctrl.o(i.STC_GetMecSpeedRef01HzDefault)
    STC_GetMinAppNegativeMecSpeed01Hz        0x0800586f   Thumb Code     6  speed_torq_ctrl.o(i.STC_GetMinAppNegativeMecSpeed01Hz)
    STC_GetSpeedSensor                       0x08005875   Thumb Code     4  speed_torq_ctrl.o(i.STC_GetSpeedSensor)
    STC_Init                                 0x08005879   Thumb Code    32  speed_torq_ctrl.o(i.STC_Init)
    STC_SetControlMode                       0x08005899   Thumb Code     8  speed_torq_ctrl.o(i.STC_SetControlMode)
    STC_StopSpeedRamp                        0x080058a1   Thumb Code    16  speed_torq_ctrl.o(i.STC_StopSpeedRamp)
    STM_FaultAcknowledged                    0x080058b1   Thumb Code    22  state_machine.o(i.STM_FaultAcknowledged)
    STM_FaultProcessing                      0x080058c7   Thumb Code    54  state_machine.o(i.STM_FaultProcessing)
    STM_GetFaultState                        0x080058fd   Thumb Code    10  state_machine.o(i.STM_GetFaultState)
    STM_GetState                             0x08005907   Thumb Code     4  state_machine.o(i.STM_GetState)
    STM_Init                                 0x0800590b   Thumb Code    10  state_machine.o(i.STM_Init)
    STM_NextState                            0x08005915   Thumb Code   256  state_machine.o(i.STM_NextState)
    SysTick_Handler                          0x08005a15   Thumb Code    36  stm32f30x_mc_it.o(i.SysTick_Handler)
    SystemInit                               0x08005a3d   Thumb Code    84  system_stm32f3xx.o(i.SystemInit)
    TIM1_BRK_TIM15_IRQHandler                0x08005aa5   Thumb Code    64  stm32f30x_mc_it.o(i.TIM1_BRK_TIM15_IRQHandler)
    TIM1_UP_TIM16_IRQHandler                 0x08005ae9   Thumb Code    20  stm32f30x_mc_it.o(i.TIM1_UP_TIM16_IRQHandler)
    TIM2_IRQHandler                          0x08005b01   Thumb Code    54  stm32f30x_mc_it.o(i.TIM2_IRQHandler)
    TIM_Base_SetConfig                       0x08005b3d   Thumb Code   110  stm32f3xx_hal_tim.o(i.TIM_Base_SetConfig)
    TIM_OC2_SetConfig                        0x08005bbd   Thumb Code   128  stm32f3xx_hal_tim.o(i.TIM_OC2_SetConfig)
    TIM_TI1_SetConfig                        0x08005d1f   Thumb Code    92  stm32f3xx_hal_tim.o(i.TIM_TI1_SetConfig)
    TSK_HardwareFaultTask                    0x08005d7d   Thumb Code    24  mc_tasks.o(i.TSK_HardwareFaultTask)
    TSK_HighFrequencyTask                    0x08005d9d   Thumb Code   174  mc_tasks.o(i.TSK_HighFrequencyTask)
    UART_AdvFeatureConfig                    0x08005e5d   Thumb Code   218  stm32f3xx_hal_uart.o(i.UART_AdvFeatureConfig)
    UART_CheckIdleState                      0x08005f37   Thumb Code    92  stm32f3xx_hal_uart.o(i.UART_CheckIdleState)
    UART_SetConfig                           0x08005f95   Thumb Code   410  stm32f3xx_hal_uart.o(i.UART_SetConfig)
    UART_WaitOnFlagUntilTimeout              0x08006141   Thumb Code   180  stm32f3xx_hal_uart.o(i.UART_WaitOnFlagUntilTimeout)
    UFCP_AbortReceive                        0x080061f5   Thumb Code     8  usart_frame_communication_protocol.o(i.UFCP_AbortReceive)
    UFCP_Init                                0x080061fd   Thumb Code     4  usart_frame_communication_protocol.o(i.UFCP_Init)
    UFCP_OVR_IRQ_Handler                     0x08006201   Thumb Code    20  usart_frame_communication_protocol.o(i.UFCP_OVR_IRQ_Handler)
    UFCP_RX_IRQ_Handler                      0x08006215   Thumb Code   166  usart_frame_communication_protocol.o(i.UFCP_RX_IRQ_Handler)
    UFCP_Receive                             0x080062c9   Thumb Code    40  usart_frame_communication_protocol.o(i.UFCP_Receive)
    UFCP_Send                                0x080062f1   Thumb Code   112  usart_frame_communication_protocol.o(i.UFCP_Send)
    UFCP_TX_IRQ_Handler                      0x08006361   Thumb Code   100  usart_frame_communication_protocol.o(i.UFCP_TX_IRQ_Handler)
    UI_DACExec                               0x080063c5   Thumb Code    10  user_interface.o(i.UI_DACExec)
    UI_DACInit                               0x080063cf   Thumb Code    10  user_interface.o(i.UI_DACInit)
    UI_DACUpdate                             0x080063d9   Thumb Code    28  ui_task.o(i.UI_DACUpdate)
    UI_ExecCmd                               0x080063f9   Thumb Code   110  user_interface.o(i.UI_ExecCmd)
    UI_ExecSpeedRamp                         0x08006469   Thumb Code    32  user_interface.o(i.UI_ExecSpeedRamp)
    UI_GetDAC                                0x0800648d   Thumb Code    16  user_interface.o(i.UI_GetDAC)
    UI_GetMPInfo                             0x0800649d   Thumb Code     4  user_interface.o(i.UI_GetMPInfo)
    UI_GetReg                                0x080064a1   Thumb Code   804  user_interface.o(i.UI_GetReg)
    UI_GetRevupData                          0x080067c9   Thumb Code    74  user_interface.o(i.UI_GetRevupData)
    UI_GetSelectedMC                         0x08006813   Thumb Code     6  user_interface.o(i.UI_GetSelectedMC)
    UI_HandleStartStopButton_cb              0x08006819   Thumb Code    24  ui_task.o(i.UI_HandleStartStopButton_cb)
    UI_Init                                  0x08006831   Thumb Code    22  user_interface.o(i.UI_Init)
    UI_Scheduler                             0x08006849   Thumb Code    40  ui_task.o(i.UI_Scheduler)
    UI_SerialCommunicationTimeOutStart       0x08006875   Thumb Code     8  ui_task.o(i.UI_SerialCommunicationTimeOutStart)
    UI_SerialCommunicationTimeOutStop        0x08006881   Thumb Code     8  ui_task.o(i.UI_SerialCommunicationTimeOutStop)
    UI_SetCurrentReferences                  0x0800688d   Thumb Code    26  user_interface.o(i.UI_SetCurrentReferences)
    UI_SetDAC                                0x080068a7   Thumb Code    10  user_interface.o(i.UI_SetDAC)
    UI_SetReg                                0x080068b1   Thumb Code   320  user_interface.o(i.UI_SetReg)
    UI_SetRevupData                          0x080069f5   Thumb Code    56  user_interface.o(i.UI_SetRevupData)
    UI_TaskInit                              0x08006a2d   Thumb Code   144  ui_task.o(i.UI_TaskInit)
    USART2_IRQHandler                        0x08006add   Thumb Code   100  stm32f30x_mc_it.o(i.USART2_IRQHandler)
    VBS_GetAvBusVoltage_V                    0x08006b45   Thumb Code    10  bus_voltage_sensor.o(i.VBS_GetAvBusVoltage_V)
    __scatterload_copy                       0x08006b4f   Thumb Code    14  handlers.o(i.__scatterload_copy)
    __scatterload_null                       0x08006b5d   Thumb Code     2  handlers.o(i.__scatterload_null)
    __scatterload_zeroinit                   0x08006b5f   Thumb Code    14  handlers.o(i.__scatterload_zeroinit)
    main                                     0x08006b6d   Thumb Code   964  main.o(i.main)
    mc_lock_pins                             0x08006f5d   Thumb Code   244  mc_tasks.o(i.mc_lock_pins)
    startTimers                              0x08007065   Thumb Code    92  pwm_common.o(i.startTimers)
    s_fwVer                                  0x080070c4   Data          32  motorcontrol.o(.constdata)
    R3_1_F30XParamsM1                        0x080070e4   Data          84  mc_parameters.o(.constdata)
    aPLLMULFactorTable                       0x08007138   Data          16  stm32f3xx_hal_rcc.o(.constdata)
    aPredivFactorTable                       0x08007148   Data          16  stm32f3xx_hal_rcc.o(.constdata)
    AHBPrescTable                            0x08007158   Data          16  system_stm32f3xx.o(.constdata)
    APBPrescTable                            0x08007168   Data           8  system_stm32f3xx.o(.constdata)
    hSin_Cos_Table                           0x08007170   Data         512  mc_math.o(.constdata)
    Region$$Table$$Base                      0x08007388   Number         0  anon$$obj.o(Region$$Table)
    Region$$Table$$Limit                     0x080073a8   Number         0  anon$$obj.o(Region$$Table)
    wConfig                                  0x20000000   Data           4  motorcontrol.o(.data)
    pMCI                                     0x20000004   Data           4  motorcontrol.o(.data)
    pMCT                                     0x20000008   Data           4  motorcontrol.o(.data)
    MPInfo                                   0x2000000c   Data           8  motor_control_protocol.o(.data)
    PQD_MotorPowMeasM1                       0x20000014   Data         276  mc_config.o(.data)
    PIDSpeedHandle_M1                        0x20000128   Data          44  mc_config.o(.data)
    PIDIqHandle_M1                           0x20000154   Data          44  mc_config.o(.data)
    PIDIdHandle_M1                           0x20000180   Data          44  mc_config.o(.data)
    SpeednTorqCtrlM1                         0x200001ac   Data          52  mc_config.o(.data)
    PWM_Handle_M1                            0x200001e0   Data         180  mc_config.o(.data)
    HALL_M1                                  0x20000294   Data         156  mc_config.o(.data)
    TempSensorParamsM1                       0x20000330   Data          40  mc_config.o(.data)
    RealBusVoltageSensorParamsM1             0x20000358   Data          56  mc_config.o(.data)
    UI_Params                                0x20000390   Data          48  mc_config.o(.data)
    DAC_UI_Params                            0x200003c0   Data          60  mc_config.o(.data)
    RampExtMngrHFParamsM1                    0x200003fc   Data          20  mc_config.o(.data)
    CircleLimitationM1                       0x20000410   Data         178  mc_config.o(.data)
    pUSART                                   0x200004c4   Data         316  mc_config.o(.data)
    bMCBootCompleted                         0x20000600   Data           1  mc_tasks.o(.data)
    oMCInterface                             0x20000608   Data           4  mc_tasks.o(.data)
    pSTC                                     0x2000060c   Data           4  mc_tasks.o(.data)
    pPIDSpeed                                0x20000610   Data           4  mc_tasks.o(.data)
    pPIDIq                                   0x20000614   Data           4  mc_tasks.o(.data)
    pPIDId                                   0x20000618   Data           4  mc_tasks.o(.data)
    pBusSensorM1                             0x2000061c   Data           4  mc_tasks.o(.data)
    pTemperatureSensor                       0x20000620   Data           4  mc_tasks.o(.data)
    pwmcHandle                               0x20000624   Data           4  mc_tasks.o(.data)
    pMPM                                     0x20000628   Data           4  mc_tasks.o(.data)
    pCLM                                     0x2000062c   Data           4  mc_tasks.o(.data)
    pREMNG                                   0x20000630   Data           4  mc_tasks.o(.data)
    STM                                      0x20000634   Data           6  mc_tasks.o(.data)
    RCM_UserConvHandle                       0x2000063a   Data           1  regular_conversion_manager.o(.data)
    RCM_UserConvState                        0x2000063b   Data           1  regular_conversion_manager.o(.data)
    RCM_UserConvValue                        0x2000063c   Data           2  regular_conversion_manager.o(.data)
    pDAC                                     0x20000648   Data           4  ui_task.o(.data)
    pMCP                                     0x2000064c   Data           4  ui_task.o(.data)
    uwTickFreq                               0x20000650   Data           1  stm32f3xx_hal.o(.data)
    uwTickPrio                               0x20000654   Data           4  stm32f3xx_hal.o(.data)
    uwTick                                   0x20000658   Data           4  stm32f3xx_hal.o(.data)
    SystemCoreClock                          0x2000065c   Data           4  system_stm32f3xx.o(.data)
    hadc1                                    0x20000660   Data          80  main.o(.bss)
    hdac                                     0x200006b0   Data          20  main.o(.bss)
    htim1                                    0x200006c4   Data          64  main.o(.bss)
    htim2                                    0x20000704   Data          64  main.o(.bss)
    huart2                                   0x20000744   Data         128  main.o(.bss)
    FOCVars                                  0x200007c4   Data          38  mc_tasks.o(.bss)
    Mci                                      0x200007ec   Data          28  mc_tasks.o(.bss)
    MCT                                      0x20000808   Data          80  mc_tasks.o(.bss)
    RCM_handle_array                         0x20000858   Data          16  regular_conversion_manager.o(.bss)
    RCM_CB_array                             0x20000868   Data          32  regular_conversion_manager.o(.bss)
    MCP_UI_Params                            0x20000888   Data         204  ui_task.o(.bss)
    __initial_sp                             0x20000d58   Data           0  startup_stm32f302x8.o(STACK)



==============================================================================

Memory Map of the image

  Image Entry point : 0x08000189

  Load Region LR_IROM1 (Base: 0x08000000, Size: 0x00007a08, Max: 0x00010000, ABSOLUTE, COMPRESSED[0x00007554])

    Execution Region ER_IROM1 (Base: 0x08000000, Size: 0x000073a8, Max: 0x00010000, ABSOLUTE)

    Base Addr    Size         Type   Attr      Idx    E Section Name        Object

    0x08000000   0x00000188   Data   RO            3    RESET               startup_stm32f302x8.o
    0x08000188   0x00000000   Code   RO         6858  * .ARM.Collect$$$$00000000  mc_w.l(entry.o)
    0x08000188   0x00000004   Code   RO         6867    .ARM.Collect$$$$00000001  mc_w.l(entry2.o)
    0x0800018c   0x00000004   Code   RO         6870    .ARM.Collect$$$$00000004  mc_w.l(entry5.o)
    0x08000190   0x00000000   Code   RO         6872    .ARM.Collect$$$$00000008  mc_w.l(entry7b.o)
    0x08000190   0x00000000   Code   RO         6874    .ARM.Collect$$$$0000000A  mc_w.l(entry8b.o)
    0x08000190   0x00000008   Code   RO         6875    .ARM.Collect$$$$0000000B  mc_w.l(entry9a.o)
    0x08000198   0x00000000   Code   RO         6877    .ARM.Collect$$$$0000000D  mc_w.l(entry10a.o)
    0x08000198   0x00000000   Code   RO         6879    .ARM.Collect$$$$0000000F  mc_w.l(entry11a.o)
    0x08000198   0x00000004   Code   RO         6868    .ARM.Collect$$$$00002712  mc_w.l(entry2.o)
    0x0800019c   0x00000024   Code   RO            4    .text               startup_stm32f302x8.o
    0x080001c0   0x00000062   Code   RO         6861    .text               mc_w.l(uldiv.o)
    0x08000222   0x00000020   Code   RO         6863    .text               mc_w.l(llushr.o)
    0x08000242   0x00000024   Code   RO         6865    .text               mc_w.l(memseta.o)
    0x08000266   0x0000001e   Code   RO         6881    .text               mc_w.l(llshl.o)
    0x08000284   0x00000024   Code   RO         6883    .text               mc_w.l(init.o)
    0x080002a8   0x00000056   Code   RO         6893    .text               mc_w.l(__dczerorl2.o)
    0x080002fe   0x00000016   Code   RO          862    i.ADC1_IRQHandler   stm32f30x_mc_it.o
    0x08000314   0x0000006c   Code   RO         1465    i.ADC_Disable       stm32f3xx_hal_adc_ex.o
    0x08000380   0x00000056   Code   RO         4737    i.Circle_Limitation  circle_limitation.o
    0x080003d6   0x00000002   PAD
    0x080003d8   0x00000048   Code   RO         6365    i.DAC_Exec          dac_ui.o
    0x08000420   0x00000008   Code   RO         6395    i.DAC_GetChannelConfig  dac_common_ui.o
    0x08000428   0x0000000a   Code   RO         6396    i.DAC_GetUserChannelValue  dac_common_ui.o
    0x08000432   0x00000002   PAD
    0x08000434   0x00000018   Code   RO         6366    i.DAC_Init          dac_ui.o
    0x0800044c   0x00000008   Code   RO         6397    i.DAC_SetChannelConfig  dac_common_ui.o
    0x08000454   0x00000008   Code   RO         6398    i.DAC_SetUserChannelValue  dac_common_ui.o
    0x0800045c   0x00000010   Code   RO          865    i.EXTI15_10_IRQHandler  stm32f30x_mc_it.o
    0x0800046c   0x0000005c   Code   RO         6437    i.FCP_CalcCRC       frame_communication_protocol.o
    0x080004c8   0x0000002a   Code   RO         6438    i.FCP_Init          frame_communication_protocol.o
    0x080004f2   0x0000000e   Code   RO         6440    i.FCP_SetClient     frame_communication_protocol.o
    0x08000500   0x0000006c   Code   RO          689    i.FOC_Clear         mc_tasks.o
    0x0800056c   0x000000b6   Code   RO         4794    i.HALL_CalcAvrgMecSpeed01Hz  hall_speed_pos_fdbk.o
    0x08000622   0x00000042   Code   RO         4795    i.HALL_CalcElAngle  hall_speed_pos_fdbk.o
    0x08000664   0x00000056   Code   RO         4796    i.HALL_Clear        hall_speed_pos_fdbk.o
    0x080006ba   0x00000002   PAD
    0x080006bc   0x0000011c   Code   RO         4797    i.HALL_Init         hall_speed_pos_fdbk.o
    0x080007d8   0x000000d4   Code   RO         4798    i.HALL_Init_Electrical_Angle  hall_speed_pos_fdbk.o
    0x080008ac   0x000002d0   Code   RO         4800    i.HALL_TIMx_CC_IRQHandler  hall_speed_pos_fdbk.o
    0x08000b7c   0x00000090   Code   RO         4801    i.HALL_TIMx_UP_IRQHandler  hall_speed_pos_fdbk.o
    0x08000c0c   0x0000046c   Code   RO         1470    i.HAL_ADCEx_InjectedConfigChannel  stm32f3xx_hal_adc_ex.o
    0x08001078   0x00000358   Code   RO         1485    i.HAL_ADC_ConfigChannel  stm32f3xx_hal_adc_ex.o
    0x080013d0   0x00000204   Code   RO         1489    i.HAL_ADC_Init      stm32f3xx_hal_adc_ex.o
    0x080015d4   0x0000007c   Code   RO         1234    i.HAL_ADC_MspInit   stm32f3xx_hal_msp.o
    0x08001650   0x0000004e   Code   RO         3248    i.HAL_DAC_ConfigChannel  stm32f3xx_hal_dac_ex.o
    0x0800169e   0x00000028   Code   RO         3127    i.HAL_DAC_Init      stm32f3xx_hal_dac.o
    0x080016c6   0x00000002   PAD
    0x080016c8   0x0000005c   Code   RO         1236    i.HAL_DAC_MspInit   stm32f3xx_hal_msp.o
    0x08001724   0x00000200   Code   RO         2018    i.HAL_GPIO_Init     stm32f3xx_hal_gpio.o
    0x08001924   0x0000000a   Code   RO         2022    i.HAL_GPIO_WritePin  stm32f3xx_hal_gpio.o
    0x0800192e   0x00000002   PAD
    0x08001930   0x0000000c   Code   RO         1706    i.HAL_GetTick       stm32f3xx_hal.o
    0x0800193c   0x00000010   Code   RO         1712    i.HAL_IncTick       stm32f3xx_hal.o
    0x0800194c   0x00000024   Code   RO         1713    i.HAL_Init          stm32f3xx_hal.o
    0x08001970   0x00000040   Code   RO         1714    i.HAL_InitTick      stm32f3xx_hal.o
    0x080019b0   0x0000002c   Code   RO         1237    i.HAL_MspInit       stm32f3xx_hal_msp.o
    0x080019dc   0x0000001e   Code   RO         2173    i.HAL_NVIC_EnableIRQ  stm32f3xx_hal_cortex.o
    0x080019fa   0x00000002   PAD
    0x080019fc   0x00000064   Code   RO         2179    i.HAL_NVIC_SetPriority  stm32f3xx_hal_cortex.o
    0x08001a60   0x00000024   Code   RO         2180    i.HAL_NVIC_SetPriorityGrouping  stm32f3xx_hal_cortex.o
    0x08001a84   0x0000021c   Code   RO         1975    i.HAL_RCCEx_PeriphCLKConfig  stm32f3xx_hal_rcc_ex.o
    0x08001ca0   0x0000022c   Code   RO         1870    i.HAL_RCC_ClockConfig  stm32f3xx_hal_rcc.o
    0x08001ecc   0x0000000c   Code   RO         1875    i.HAL_RCC_GetHCLKFreq  stm32f3xx_hal_rcc.o
    0x08001ed8   0x00000030   Code   RO         1877    i.HAL_RCC_GetPCLK1Freq  stm32f3xx_hal_rcc.o
    0x08001f08   0x00000030   Code   RO         1878    i.HAL_RCC_GetPCLK2Freq  stm32f3xx_hal_rcc.o
    0x08001f38   0x00000078   Code   RO         1879    i.HAL_RCC_GetSysClockFreq  stm32f3xx_hal_rcc.o
    0x08001fb0   0x000005cc   Code   RO         1882    i.HAL_RCC_OscConfig  stm32f3xx_hal_rcc.o
    0x0800257c   0x00000002   Code   RO         2183    i.HAL_SYSTICK_Callback  stm32f3xx_hal_cortex.o
    0x0800257e   0x00000002   PAD
    0x08002580   0x0000002c   Code   RO         2184    i.HAL_SYSTICK_Config  stm32f3xx_hal_cortex.o
    0x080025ac   0x00000008   Code   RO         2185    i.HAL_SYSTICK_IRQHandler  stm32f3xx_hal_cortex.o
    0x080025b4   0x00000086   Code   RO         3985    i.HAL_TIMEx_ConfigBreakDeadTime  stm32f3xx_hal_tim_ex.o
    0x0800263a   0x000000c0   Code   RO         3992    i.HAL_TIMEx_HallSensor_Init  stm32f3xx_hal_tim_ex.o
    0x080026fa   0x00000002   Code   RO         3994    i.HAL_TIMEx_HallSensor_MspInit  stm32f3xx_hal_tim_ex.o
    0x080026fc   0x0000006c   Code   RO         4001    i.HAL_TIMEx_MasterConfigSynchronization  stm32f3xx_hal_tim_ex.o
    0x08002768   0x00000036   Code   RO         3331    i.HAL_TIM_Base_Init  stm32f3xx_hal_tim.o
    0x0800279e   0x00000002   PAD
    0x080027a0   0x000000d0   Code   RO         1239    i.HAL_TIM_Base_MspInit  stm32f3xx_hal_msp.o
    0x08002870   0x00000188   Code   RO         3340    i.HAL_TIM_ConfigClockSource  stm32f3xx_hal_tim.o
    0x080029f8   0x00000058   Code   RO         1240    i.HAL_TIM_MspPostInit  stm32f3xx_hal_msp.o
    0x08002a50   0x0000032c   Code   RO         3400    i.HAL_TIM_PWM_ConfigChannel  stm32f3xx_hal_tim.o
    0x08002d7c   0x00000036   Code   RO         3403    i.HAL_TIM_PWM_Init  stm32f3xx_hal_tim.o
    0x08002db2   0x00000002   Code   RO         3405    i.HAL_TIM_PWM_MspInit  stm32f3xx_hal_tim.o
    0x08002db4   0x00000056   Code   RO         3417    i.HAL_TIM_SlaveConfigSynchro  stm32f3xx_hal_tim.o
    0x08002e0a   0x0000006a   Code   RO         4267    i.HAL_UART_Init     stm32f3xx_hal_uart.o
    0x08002e74   0x00000060   Code   RO         1242    i.HAL_UART_MspInit  stm32f3xx_hal_msp.o
    0x08002ed4   0x00000068   Code   RO          866    i.HardFault_Handler  stm32f30x_mc_it.o
    0x08002f3c   0x00000078   Code   RO         6157    i.LL_TIM_OC_SetMode  r3_1_f30x_pwm_curr_fdbk.o
    0x08002fb4   0x00000010   Code   RO         4942    i.MCI_Clear_Iqdref  mc_interface.o
    0x08002fc4   0x00000008   Code   RO         4943    i.MCI_EncoderAlign  mc_interface.o
    0x08002fcc   0x00000078   Code   RO         4944    i.MCI_ExecBufferedCommands  mc_interface.o
    0x08003044   0x0000000e   Code   RO         4945    i.MCI_ExecSpeedRamp  mc_interface.o
    0x08003052   0x00000012   Code   RO         4946    i.MCI_ExecTorqueRamp  mc_interface.o
    0x08003064   0x00000006   Code   RO         4947    i.MCI_FaultAcknowledged  mc_interface.o
    0x0800306a   0x00000010   Code   RO         4948    i.MCI_GetAvrgMecSpeed01Hz  mc_interface.o
    0x0800307a   0x00000004   Code   RO         4949    i.MCI_GetControlMode  mc_interface.o
    0x0800307e   0x00000006   Code   RO         4952    i.MCI_GetIab        mc_interface.o
    0x08003084   0x00000006   Code   RO         4953    i.MCI_GetIalphabeta  mc_interface.o
    0x0800308a   0x00000006   Code   RO         4955    i.MCI_GetIqd        mc_interface.o
    0x08003090   0x00000006   Code   RO         4957    i.MCI_GetIqdref     mc_interface.o
    0x08003096   0x00000010   Code   RO         4958    i.MCI_GetLastRampFinalSpeed  mc_interface.o
    0x080030a6   0x00000006   Code   RO         4959    i.MCI_GetMecSpeedRef01Hz  mc_interface.o
    0x080030ac   0x00000006   Code   RO         4963    i.MCI_GetSTMState   mc_interface.o
    0x080030b2   0x00000008   Code   RO         4965    i.MCI_GetTeref      mc_interface.o
    0x080030ba   0x00000008   Code   RO         4966    i.MCI_GetValphabeta  mc_interface.o
    0x080030c2   0x00000008   Code   RO         4967    i.MCI_GetVqd        mc_interface.o
    0x080030ca   0x00000014   Code   RO         4968    i.MCI_Init          mc_interface.o
    0x080030de   0x00000014   Code   RO         4971    i.MCI_SetCurrentReferences  mc_interface.o
    0x080030f2   0x0000000a   Code   RO         4972    i.MCI_SetIdref      mc_interface.o
    0x080030fc   0x00000016   Code   RO         4973    i.MCI_StartMotor    mc_interface.o
    0x08003112   0x00000008   Code   RO         4974    i.MCI_StopMotor     mc_interface.o
    0x0800311a   0x00000006   Code   RO         4975    i.MCI_StopSpeedRamp  mc_interface.o
    0x08003120   0x0000004c   Code   RO         4885    i.MCM_Clarke        mc_math.o
    0x0800316c   0x00000084   Code   RO         4886    i.MCM_Park          mc_math.o
    0x080031f0   0x00000036   Code   RO         4887    i.MCM_Rev_Park      mc_math.o
    0x08003226   0x00000002   PAD
    0x08003228   0x00000074   Code   RO         4889    i.MCM_Trig_Functions  mc_math.o
    0x0800329c   0x00000050   Code   RO          571    i.MCP_Init          motor_control_protocol.o
    0x080032ec   0x0000001a   Code   RO          572    i.MCP_OnTimeOut     motor_control_protocol.o
    0x08003306   0x00000002   PAD
    0x08003308   0x0000065c   Code   RO          573    i.MCP_ReceivedFrame  motor_control_protocol.o
    0x08003964   0x0000001a   Code   RO          578    i.MCP_SentFrame     motor_control_protocol.o
    0x0800397e   0x00000002   PAD
    0x08003980   0x0000000c   Code   RO          389    i.MC_GetSTMStateMotor1  mc_api.o
    0x0800398c   0x00000090   Code   RO          692    i.MC_RunMotorControlTasks  mc_tasks.o
    0x08003a1c   0x0000018c   Code   RO          693    i.MC_Scheduler      mc_tasks.o
    0x08003ba8   0x0000000c   Code   RO          399    i.MC_StartMotor1    mc_api.o
    0x08003bb4   0x0000000c   Code   RO          400    i.MC_StopMotor1     mc_api.o
    0x08003bc0   0x00000188   Code   RO          694    i.MCboot            mc_tasks.o
    0x08003d48   0x00000060   Code   RO         5164    i.MPM_CalcElMotorPower  motor_power_measurement.o
    0x08003da8   0x00000018   Code   RO         5165    i.MPM_Clear         motor_power_measurement.o
    0x08003dc0   0x00000006   Code   RO         5166    i.MPM_GetAvrgElMotorPowerW  motor_power_measurement.o
    0x08003dc6   0x00000002   PAD
    0x08003dc8   0x00000038   Code   RO          241    i.MX_MotorControl_Init  motorcontrol.o
    0x08003e00   0x0000004e   Code   RO         5206    i.NTC_CalcAvTemp    ntc_temperature_sensor.o
    0x08003e4e   0x00000028   Code   RO         5209    i.NTC_GetAvTemp_C   ntc_temperature_sensor.o
    0x08003e76   0x00000020   Code   RO         5211    i.NTC_Init          ntc_temperature_sensor.o
    0x08003e96   0x00000006   Code   RO         5315    i.PID_GetKD         pid_regulator.o
    0x08003e9c   0x00000006   Code   RO         5317    i.PID_GetKI         pid_regulator.o
    0x08003ea2   0x00000004   Code   RO         5318    i.PID_GetKIDivisor  pid_regulator.o
    0x08003ea6   0x00000006   Code   RO         5319    i.PID_GetKP         pid_regulator.o
    0x08003eac   0x00000004   Code   RO         5320    i.PID_GetKPDivisor  pid_regulator.o
    0x08003eb0   0x00000014   Code   RO         5321    i.PID_HandleInit    pid_regulator.o
    0x08003ec4   0x00000004   Code   RO         5322    i.PID_SetIntegralTerm  pid_regulator.o
    0x08003ec8   0x00000004   Code   RO         5323    i.PID_SetKD         pid_regulator.o
    0x08003ecc   0x00000004   Code   RO         5324    i.PID_SetKI         pid_regulator.o
    0x08003ed0   0x00000004   Code   RO         5326    i.PID_SetKP         pid_regulator.o
    0x08003ed4   0x00000080   Code   RO         5333    i.PI_Controller     pid_regulator.o
    0x08003f54   0x00000060   Code   RO         5456    i.PQD_CalcElMotorPower  pqd_motor_power_measurement.o
    0x08003fb4   0x00000004   Code   RO         5480    i.PWMC_CheckOverCurrent  pwm_curr_fdbk.o
    0x08003fb8   0x00000042   Code   RO         5481    i.PWMC_CurrentReadingCalibr  pwm_curr_fdbk.o
    0x08003ffa   0x00000004   Code   RO         5482    i.PWMC_GetPhaseCurrents  pwm_curr_fdbk.o
    0x08003ffe   0x0000019e   Code   RO         5505    i.PWMC_SetPhaseVoltage  pwm_curr_fdbk.o
    0x0800419c   0x00000004   Code   RO         5506    i.PWMC_SwitchOffPWM  pwm_curr_fdbk.o
    0x080041a0   0x00000034   Code   RO         6159    i.R3_1_F30X_BRK2_IRQHandler  r3_1_f30x_pwm_curr_fdbk.o
    0x080041d4   0x0000001c   Code   RO         6160    i.R3_1_F30X_BRK_IRQHandler  r3_1_f30x_pwm_curr_fdbk.o
    0x080041f0   0x00000188   Code   RO         6161    i.R3_1_F30X_CurrentReadingCalibration  r3_1_f30x_pwm_curr_fdbk.o
    0x08004378   0x00000124   Code   RO         6163    i.R3_1_F30X_GetPhaseCurrents  r3_1_f30x_pwm_curr_fdbk.o
    0x0800449c   0x00000042   Code   RO         6164    i.R3_1_F30X_HFCurrentsCalibrationAB  r3_1_f30x_pwm_curr_fdbk.o
    0x080044de   0x00000032   Code   RO         6165    i.R3_1_F30X_HFCurrentsCalibrationC  r3_1_f30x_pwm_curr_fdbk.o
    0x08004510   0x000003d0   Code   RO         6166    i.R3_1_F30X_Init    r3_1_f30x_pwm_curr_fdbk.o
    0x080048e0   0x00000026   Code   RO         6167    i.R3_1_F30X_IsOverCurrentOccurred  r3_1_f30x_pwm_curr_fdbk.o
    0x08004906   0x00000002   PAD
    0x08004908   0x00000118   Code   RO         6168    i.R3_1_F30X_RLDetectionModeDisable  r3_1_f30x_pwm_curr_fdbk.o
    0x08004a20   0x000000ec   Code   RO         6169    i.R3_1_F30X_RLDetectionModeEnable  r3_1_f30x_pwm_curr_fdbk.o
    0x08004b0c   0x0000004a   Code   RO         6170    i.R3_1_F30X_RLDetectionModeSetDuty  r3_1_f30x_pwm_curr_fdbk.o
    0x08004b56   0x00000002   PAD
    0x08004b58   0x00000058   Code   RO         6171    i.R3_1_F30X_RLGetPhaseCurrents  r3_1_f30x_pwm_curr_fdbk.o
    0x08004bb0   0x000000ec   Code   RO         6172    i.R3_1_F30X_RLSwitchOffPWM  r3_1_f30x_pwm_curr_fdbk.o
    0x08004c9c   0x00000096   Code   RO         6173    i.R3_1_F30X_RLSwitchOnPWM  r3_1_f30x_pwm_curr_fdbk.o
    0x08004d32   0x00000046   Code   RO         6174    i.R3_1_F30X_RLTurnOnLowSides  r3_1_f30x_pwm_curr_fdbk.o
    0x08004d78   0x00000012   Code   RO         6175    i.R3_1_F30X_SetADCSampPointCalibration  r3_1_f30x_pwm_curr_fdbk.o
    0x08004d8a   0x00000068   Code   RO         6176    i.R3_1_F30X_SetADCSampPointSect1  r3_1_f30x_pwm_curr_fdbk.o
    0x08004df2   0x00000068   Code   RO         6177    i.R3_1_F30X_SetADCSampPointSect2  r3_1_f30x_pwm_curr_fdbk.o
    0x08004e5a   0x00000068   Code   RO         6178    i.R3_1_F30X_SetADCSampPointSect3  r3_1_f30x_pwm_curr_fdbk.o
    0x08004ec2   0x00000068   Code   RO         6179    i.R3_1_F30X_SetADCSampPointSect4  r3_1_f30x_pwm_curr_fdbk.o
    0x08004f2a   0x00000068   Code   RO         6180    i.R3_1_F30X_SetADCSampPointSect5  r3_1_f30x_pwm_curr_fdbk.o
    0x08004f92   0x00000068   Code   RO         6181    i.R3_1_F30X_SetADCSampPointSect6  r3_1_f30x_pwm_curr_fdbk.o
    0x08004ffa   0x00000002   PAD
    0x08004ffc   0x000001c4   Code   RO         6182    i.R3_1_F30X_SwitchOffPWM  r3_1_f30x_pwm_curr_fdbk.o
    0x080051c0   0x000000c0   Code   RO         6183    i.R3_1_F30X_SwitchOnPWM  r3_1_f30x_pwm_curr_fdbk.o
    0x08005280   0x00000004   Code   RO         6184    i.R3_1_F30X_TIMx_UP_IRQHandler  r3_1_f30x_pwm_curr_fdbk.o
    0x08005284   0x00000050   Code   RO         6185    i.R3_1_F30X_TurnOnLowSides  r3_1_f30x_pwm_curr_fdbk.o
    0x080052d4   0x00000088   Code   RO         6186    i.R3_1_F30X_WriteTIMRegisters  r3_1_f30x_pwm_curr_fdbk.o
    0x0800535c   0x0000008c   Code   RO          793    i.RCM_ExecRegularConv  regular_conversion_manager.o
    0x080053e8   0x00000044   Code   RO          794    i.RCM_ExecUserConv  regular_conversion_manager.o
    0x0800542c   0x0000010c   Code   RO          797    i.RCM_RegisterRegConv  regular_conversion_manager.o
    0x08005538   0x00000010   Code   RO         5752    i.REMNG_Init        ramp_ext_mngr.o
    0x08005548   0x00000006   Code   RO         6598    i.RUC_GetNumberOfPhases  libmc-keil_M4.lib(revup_ctrl.o)
    0x0800554e   0x0000000c   Code   RO         6599    i.RUC_GetPhaseDurationms  libmc-keil_M4.lib(revup_ctrl.o)
    0x0800555a   0x0000000e   Code   RO         6600    i.RUC_GetPhaseFinalMecSpeed01Hz  libmc-keil_M4.lib(revup_ctrl.o)
    0x08005568   0x0000000e   Code   RO         6601    i.RUC_GetPhaseFinalTorque  libmc-keil_M4.lib(revup_ctrl.o)
    0x08005576   0x0000000c   Code   RO         6605    i.RUC_SetPhaseDurationms  libmc-keil_M4.lib(revup_ctrl.o)
    0x08005582   0x0000000c   Code   RO         6606    i.RUC_SetPhaseFinalMecSpeed01Hz  libmc-keil_M4.lib(revup_ctrl.o)
    0x0800558e   0x0000000c   Code   RO         6607    i.RUC_SetPhaseFinalTorque  libmc-keil_M4.lib(revup_ctrl.o)
    0x0800559a   0x000000d0   Code   RO         5703    i.RVBS_CalcAvVbusFilt  r_divider_bus_voltage_sensor.o
    0x0800566a   0x00000050   Code   RO         5706    i.RVBS_Init         r_divider_bus_voltage_sensor.o
    0x080056ba   0x00000006   Code   RO         5810    i.SPD_GetAvrgMecSpeed01Hz  speed_pos_fdbk.o
    0x080056c0   0x00000006   Code   RO         5811    i.SPD_GetElAngle    speed_pos_fdbk.o
    0x080056c6   0x00000014   Code   RO         5815    i.SPD_GetS16Speed   speed_pos_fdbk.o
    0x080056da   0x00000060   Code   RO         5816    i.SPD_IsMecSpeedReliable  speed_pos_fdbk.o
    0x0800573a   0x0000005c   Code   RO         5881    i.STC_CalcTorqueReference  speed_torq_ctrl.o
    0x08005796   0x00000010   Code   RO         5882    i.STC_Clear         speed_torq_ctrl.o
    0x080057a6   0x00000092   Code   RO         5883    i.STC_ExecRamp      speed_torq_ctrl.o
    0x08005838   0x00000010   Code   RO         5884    i.STC_ForceSpeedReferenceToCurrentSpeed  speed_torq_ctrl.o
    0x08005848   0x00000010   Code   RO         5886    i.STC_GetDefaultIqdref  speed_torq_ctrl.o
    0x08005858   0x00000004   Code   RO         5887    i.STC_GetMaxAppPositiveMecSpeed01Hz  speed_torq_ctrl.o
    0x0800585c   0x0000000c   Code   RO         5888    i.STC_GetMecSpeedRef01Hz  speed_torq_ctrl.o
    0x08005868   0x00000006   Code   RO         5889    i.STC_GetMecSpeedRef01HzDefault  speed_torq_ctrl.o
    0x0800586e   0x00000006   Code   RO         5890    i.STC_GetMinAppNegativeMecSpeed01Hz  speed_torq_ctrl.o
    0x08005874   0x00000004   Code   RO         5891    i.STC_GetSpeedSensor  speed_torq_ctrl.o
    0x08005878   0x00000020   Code   RO         5893    i.STC_Init          speed_torq_ctrl.o
    0x08005898   0x00000008   Code   RO         5895    i.STC_SetControlMode  speed_torq_ctrl.o
    0x080058a0   0x00000010   Code   RO         5899    i.STC_StopSpeedRamp  speed_torq_ctrl.o
    0x080058b0   0x00000016   Code   RO         6013    i.STM_FaultAcknowledged  state_machine.o
    0x080058c6   0x00000036   Code   RO         6014    i.STM_FaultProcessing  state_machine.o
    0x080058fc   0x0000000a   Code   RO         6015    i.STM_GetFaultState  state_machine.o
    0x08005906   0x00000004   Code   RO         6016    i.STM_GetState      state_machine.o
    0x0800590a   0x0000000a   Code   RO         6017    i.STM_Init          state_machine.o
    0x08005914   0x00000100   Code   RO         6018    i.STM_NextState     state_machine.o
    0x08005a14   0x00000028   Code   RO          867    i.SysTick_Handler   stm32f30x_mc_it.o
    0x08005a3c   0x00000068   Code   RO         4658    i.SystemInit        system_stm32f3xx.o
    0x08005aa4   0x00000044   Code   RO          868    i.TIM1_BRK_TIM15_IRQHandler  stm32f30x_mc_it.o
    0x08005ae8   0x00000018   Code   RO          869    i.TIM1_UP_TIM16_IRQHandler  stm32f30x_mc_it.o
    0x08005b00   0x0000003c   Code   RO          870    i.TIM2_IRQHandler   stm32f30x_mc_it.o
    0x08005b3c   0x00000080   Code   RO         3421    i.TIM_Base_SetConfig  stm32f3xx_hal_tim.o
    0x08005bbc   0x00000080   Code   RO         3433    i.TIM_OC2_SetConfig  stm32f3xx_hal_tim.o
    0x08005c3c   0x000000e2   Code   RO         3434    i.TIM_SlaveTimer_SetConfig  stm32f3xx_hal_tim.o
    0x08005d1e   0x0000005c   Code   RO         3435    i.TIM_TI1_SetConfig  stm32f3xx_hal_tim.o
    0x08005d7a   0x00000002   PAD
    0x08005d7c   0x00000020   Code   RO          696    i.TSK_HardwareFaultTask  mc_tasks.o
    0x08005d9c   0x000000c0   Code   RO          697    i.TSK_HighFrequencyTask  mc_tasks.o
    0x08005e5c   0x000000da   Code   RO         4281    i.UART_AdvFeatureConfig  stm32f3xx_hal_uart.o
    0x08005f36   0x0000005c   Code   RO         4282    i.UART_CheckIdleState  stm32f3xx_hal_uart.o
    0x08005f92   0x00000002   PAD
    0x08005f94   0x000001ac   Code   RO         4295    i.UART_SetConfig    stm32f3xx_hal_uart.o
    0x08006140   0x000000b4   Code   RO         4298    i.UART_WaitOnFlagUntilTimeout  stm32f3xx_hal_uart.o
    0x080061f4   0x00000008   Code   RO         6517    i.UFCP_AbortReceive  usart_frame_communication_protocol.o
    0x080061fc   0x00000004   Code   RO         6518    i.UFCP_Init         usart_frame_communication_protocol.o
    0x08006200   0x00000014   Code   RO         6519    i.UFCP_OVR_IRQ_Handler  usart_frame_communication_protocol.o
    0x08006214   0x000000b4   Code   RO         6520    i.UFCP_RX_IRQ_Handler  usart_frame_communication_protocol.o
    0x080062c8   0x00000028   Code   RO         6521    i.UFCP_Receive      usart_frame_communication_protocol.o
    0x080062f0   0x00000070   Code   RO         6522    i.UFCP_Send         usart_frame_communication_protocol.o
    0x08006360   0x00000064   Code   RO         6524    i.UFCP_TX_IRQ_Handler  usart_frame_communication_protocol.o
    0x080063c4   0x0000000a   Code   RO         1084    i.UI_DACExec        user_interface.o
    0x080063ce   0x0000000a   Code   RO         1085    i.UI_DACInit        user_interface.o
    0x080063d8   0x00000020   Code   RO          978    i.UI_DACUpdate      ui_task.o
    0x080063f8   0x0000006e   Code   RO         1086    i.UI_ExecCmd        user_interface.o
    0x08006466   0x00000002   PAD
    0x08006468   0x00000024   Code   RO         1087    i.UI_ExecSpeedRamp  user_interface.o
    0x0800648c   0x00000010   Code   RO         1090    i.UI_GetDAC         user_interface.o
    0x0800649c   0x00000004   Code   RO         1091    i.UI_GetMPInfo      user_interface.o
    0x080064a0   0x00000328   Code   RO         1092    i.UI_GetReg         user_interface.o
    0x080067c8   0x0000004a   Code   RO         1093    i.UI_GetRevupData   user_interface.o
    0x08006812   0x00000006   Code   RO         1094    i.UI_GetSelectedMC  user_interface.o
    0x08006818   0x00000018   Code   RO          979    i.UI_HandleStartStopButton_cb  ui_task.o
    0x08006830   0x00000016   Code   RO         1096    i.UI_Init           user_interface.o
    0x08006846   0x00000002   PAD
    0x08006848   0x0000002c   Code   RO          981    i.UI_Scheduler      ui_task.o
    0x08006874   0x0000000c   Code   RO          984    i.UI_SerialCommunicationTimeOutStart  ui_task.o
    0x08006880   0x0000000c   Code   RO          985    i.UI_SerialCommunicationTimeOutStop  ui_task.o
    0x0800688c   0x0000001a   Code   RO         1098    i.UI_SetCurrentReferences  user_interface.o
    0x080068a6   0x0000000a   Code   RO         1099    i.UI_SetDAC         user_interface.o
    0x080068b0   0x00000144   Code   RO         1100    i.UI_SetReg         user_interface.o
    0x080069f4   0x00000038   Code   RO         1101    i.UI_SetRevupData   user_interface.o
    0x08006a2c   0x000000b0   Code   RO          987    i.UI_TaskInit       ui_task.o
    0x08006adc   0x00000068   Code   RO          871    i.USART2_IRQHandler  stm32f30x_mc_it.o
    0x08006b44   0x0000000a   Code   RO         4696    i.VBS_GetAvBusVoltage_V  bus_voltage_sensor.o
    0x08006b4e   0x0000000e   Code   RO         6887    i.__scatterload_copy  mc_w.l(handlers.o)
    0x08006b5c   0x00000002   Code   RO         6888    i.__scatterload_null  mc_w.l(handlers.o)
    0x08006b5e   0x0000000e   Code   RO         6889    i.__scatterload_zeroinit  mc_w.l(handlers.o)
    0x08006b6c   0x000003f0   Code   RO           15    i.main              main.o
    0x08006f5c   0x00000108   Code   RO          701    i.mc_lock_pins      mc_tasks.o
    0x08007064   0x00000060   Code   RO         5672    i.startTimers       pwm_common.o
    0x080070c4   0x00000020   Data   RO          242    .constdata          motorcontrol.o
    0x080070e4   0x00000054   Data   RO          953    .constdata          mc_parameters.o
    0x08007138   0x00000020   Data   RO         1883    .constdata          stm32f3xx_hal_rcc.o
    0x08007158   0x00000010   Data   RO         4659    .constdata          system_stm32f3xx.o
    0x08007168   0x00000008   Data   RO         4660    .constdata          system_stm32f3xx.o
    0x08007170   0x00000200   Data   RO         4891    .constdata          mc_math.o
    0x08007370   0x00000012   Data   RO         6187    .constdata          r3_1_f30x_pwm_curr_fdbk.o
    0x08007382   0x00000006   Data   RO         6525    .constdata          usart_frame_communication_protocol.o
    0x08007388   0x00000020   Data   RO         6885    Region$$Table       anon$$obj.o


    Execution Region RW_IRAM1 (Base: 0x20000000, Size: 0x00000d58, Max: 0x00004000, ABSOLUTE, COMPRESSED[0x000001ac])

    Base Addr    Size         Type   Attr      Idx    E Section Name        Object

    0x20000000   0x0000000c   Data   RW          243    .data               motorcontrol.o
    0x2000000c   0x00000008   Data   RW          580    .data               motor_control_protocol.o
    0x20000014   0x00000114   Data   RW          646    .data               mc_config.o
    0x20000128   0x0000002c   Data   RW          648    .data               mc_config.o
    0x20000154   0x0000002c   Data   RW          649    .data               mc_config.o
    0x20000180   0x0000002c   Data   RW          650    .data               mc_config.o
    0x200001ac   0x00000034   Data   RW          651    .data               mc_config.o
    0x200001e0   0x000000b4   Data   RW          653    .data               mc_config.o
    0x20000294   0x0000009c   Data   RW          654    .data               mc_config.o
    0x20000330   0x00000028   Data   RW          655    .data               mc_config.o
    0x20000358   0x00000038   Data   RW          656    .data               mc_config.o
    0x20000390   0x00000030   Data   RW          657    .data               mc_config.o
    0x200003c0   0x0000003c   Data   RW          658    .data               mc_config.o
    0x200003fc   0x00000014   Data   RW          659    .data               mc_config.o
    0x20000410   0x000000b2   Data   RW          660    .data               mc_config.o
    0x200004c2   0x00000002   PAD
    0x200004c4   0x0000013c   Data   RW          661    .data               mc_config.o
    0x20000600   0x0000003a   Data   RW          703    .data               mc_tasks.o
    0x2000063a   0x00000004   Data   RW          801    .data               regular_conversion_manager.o
    0x2000063e   0x00000001   Data   RW          872    .data               stm32f30x_mc_it.o
    0x2000063f   0x00000001   PAD
    0x20000640   0x00000010   Data   RW          990    .data               ui_task.o
    0x20000650   0x0000000c   Data   RW         1720    .data               stm32f3xx_hal.o
    0x2000065c   0x00000004   Data   RW         4661    .data               system_stm32f3xx.o
    0x20000660   0x00000164   Zero   RW           16    .bss                main.o
    0x200007c4   0x00000094   Zero   RW          702    .bss                mc_tasks.o
    0x20000858   0x00000030   Zero   RW          800    .bss                regular_conversion_manager.o
    0x20000888   0x000000cc   Zero   RW          988    .bss                ui_task.o
    0x20000954   0x00000004   PAD
    0x20000958   0x00000400   Zero   RW            1    STACK               startup_stm32f302x8.o


==============================================================================

Image component sizes


      Code (inc. data)   RO Data    RW Data    ZI Data      Debug   Object Name

        10          0          0          0          0       1108   bus_voltage_sensor.o
        86          0          0          0          0       1384   circle_limitation.o
        34          0          0          0          0       3286   dac_common_ui.o
        96          8          0          0          0       2070   dac_ui.o
         0          0          0          0          0       4016   digital_output.o
       148          0          0          0          0       3097   frame_communication_protocol.o
      1694         22          0          0          0      39960   hall_speed_pos_fdbk.o
      1008         44          0          0        356     565086   main.o
        36         12          0          0          0       1500   mc_api.o
         0          0          0       1514          0       1551   mc_config.o
       364          0          0          0          0      16408   mc_interface.o
       378         18        512          0          0       6317   mc_math.o
         0          0         84          0          0        256   mc_parameters.o
      1528        192          0         58        148      13163   mc_tasks.o
      1760        604          0          8          0       6116   motor_control_protocol.o
       126          0          0          0          0       2846   motor_power_measurement.o
        56          8         32         12          0      28775   motorcontrol.o
       150          0          0          0          0       2936   ntc_temperature_sensor.o
       190          6          0          0          0       8159   pid_regulator.o
        96          6          0          0          0       1283   pqd_motor_power_measurement.o
        96          4          0          0          0      34290   pwm_common.o
       492          0          0          0          0       4903   pwm_curr_fdbk.o
      4654        150         18          0          0     121278   r3_1_f30x_pwm_curr_fdbk.o
       288          0          0          0          0       3144   r_divider_bus_voltage_sensor.o
        16          0          0          0          0       1192   ramp_ext_mngr.o
       476         30          0          4         48      48216   regular_conversion_manager.o
       128          0          0          0          0       3502   speed_pos_fdbk.o
       374          0          0          0          0       9906   speed_torq_ctrl.o
        36          8        392          0       1024        864   startup_stm32f302x8.o
       356         20          0          0          0       5228   state_machine.o
       438         32          0          1          0      56812   stm32f30x_mc_it.o
       128         24          0         12          0      11705   stm32f3xx_hal.o
      2612         58          0          0          0       7041   stm32f3xx_hal_adc_ex.o
       220         16          0          0          0      33111   stm32f3xx_hal_cortex.o
        40          0          0          0          0       1119   stm32f3xx_hal_dac.o
        78          0          0          0          0       1296   stm32f3xx_hal_dac_ex.o
       522         20          0          0          0       2436   stm32f3xx_hal_gpio.o
       652         36          0          0          0       4938   stm32f3xx_hal_msp.o
      2268         96         32          0          0       6682   stm32f3xx_hal_rcc.o
       540         10          0          0          0       1700   stm32f3xx_hal_rcc_ex.o
      1974         44          0          0          0      11949   stm32f3xx_hal_tim.o
       436          4          0          0          0       3811   stm32f3xx_hal_tim_ex.o
      1024         38          0          0          0       5265   stm32f3xx_hal_uart.o
       104         20         24          4          0       1247   system_stm32f3xx.o
       300         48          0         16        204       4503   ui_task.o
       464         14          6          0          0      27478   usart_frame_communication_protocol.o
      1512         86          0          0          0      13300   user_interface.o

    ----------------------------------------------------------------------
     28026       1678       1132       1632       1784    1136233   Object Totals
         0          0         32          0          0          0   (incl. Generated)
        38          0          0          3          4          0   (incl. Padding)

    ----------------------------------------------------------------------

      Code (inc. data)   RO Data    RW Data    ZI Data      Debug   Library Member Name

        82          0          0          0          0      18862   revup_ctrl.o
        86          0          0          0          0          0   __dczerorl2.o
         0          0          0          0          0          0   entry.o
         0          0          0          0          0          0   entry10a.o
         0          0          0          0          0          0   entry11a.o
         8          4          0          0          0          0   entry2.o
         4          0          0          0          0          0   entry5.o
         0          0          0          0          0          0   entry7b.o
         0          0          0          0          0          0   entry8b.o
         8          4          0          0          0          0   entry9a.o
        30          0          0          0          0          0   handlers.o
        36          8          0          0          0         68   init.o
        30          0          0          0          0         68   llshl.o
        32          0          0          0          0         68   llushr.o
        36          0          0          0          0        108   memseta.o
        98          0          0          0          0         92   uldiv.o

    ----------------------------------------------------------------------
       450         16          0          0          0      19266   Library Totals
         0          0          0          0          0          0   (incl. Padding)

    ----------------------------------------------------------------------

      Code (inc. data)   RO Data    RW Data    ZI Data      Debug   Library Name

        82          0          0          0          0      18862   libmc-keil_M4.lib
       368         16          0          0          0        404   mc_w.l

    ----------------------------------------------------------------------
       450         16          0          0          0      19266   Library Totals

    ----------------------------------------------------------------------

==============================================================================


      Code (inc. data)   RO Data    RW Data    ZI Data      Debug   

     28476       1694       1132       1632       1784    1132679   Grand Totals
     28476       1694       1132        428       1784    1132679   ELF Image Totals (compressed)
     28476       1694       1132        428          0          0   ROM Totals

==============================================================================

    Total RO  Size (Code + RO Data)                29608 (  28.91kB)
    Total RW  Size (RW Data + ZI Data)              3416 (   3.34kB)
    Total ROM Size (Code + RO Data + RW Data)      30036 (  29.33kB)

==============================================================================

