<html>
<body>
<pre>
<h1>µVision Build Log</h1>
<h2>Tool Versions:</h2>
IDE-Version: ¦ÌVision V5.21.1.0
Copyright (C) 2016 ARM Ltd and ARM Germany GmbH. All rights reserved.
License Information: 8 DongXiaohui, 8, LIC=BL2Y8-3AN13-C0HN2-9Z4W5-6NJ0Y-5EAV3
 
Tool Versions:
Toolchain:       MDK-ARM Professional  Version: 5.21a
Toolchain Path:  G:\MDK\ARM\ARMCC\Bin
C Compiler:      Armcc.exe V5.06 update 3 (build 300)
Assembler:       Armasm.exe V5.06 update 3 (build 300)
Linker/Locator:  ArmLink.exe V5.06 update 3 (build 300)
Library Manager: ArmAr.exe V5.06 update 3 (build 300)
Hex Converter:   FromElf.exe V5.06 update 3 (build 300)
CPU DLL:         SARMCM3.DLL V5.21a
Dialog DLL:      DCM.DLL V1.13.8.0
Target DLL:      STLink\ST-LINKIII-KEIL_SWO.dll V2.0.18.0
Dialog DLL:      TCM.DLL V1.14.14.0
 
<h2>Project:</h2>
E:\VS_GDB\ARM\TEMP\P-Nucleo-SDK5-TBMT\SDK52-P-NUCLEO-TBMT-sensor\MDK-ARM\SDK52-P-NUCLEO-TBMT-sensor.uvprojx
Project File Date:  01/15/2020

<h2>Output:</h2>
*** Using Compiler 'V5.06 update 3 (build 300)', folder: 'G:\MDK\ARM\ARMCC\Bin'
Build target 'SDK52-P-NUCLEO-TBMT-sensor'
assembling startup_stm32f302x8.s...
compiling main.c...
compiling mc_api.c...
compiling motorcontrol.c...
compiling motor_control_protocol.c...
compiling mc_config.c...
compiling mc_tasks.c...
compiling regular_conversion_manager.c...
compiling mc_parameters.c...
compiling stm32f30x_mc_it.c...
compiling stm32f3xx_it.c...
compiling stm32f3xx_hal_msp.c...
compiling user_interface.c...
compiling ui_task.c...
compiling stm32f3xx_hal_adc.c...
compiling stm32f3xx_hal.c...
compiling stm32f3xx_hal_adc_ex.c...
compiling stm32f3xx_hal_rcc.c...
compiling stm32f3xx_hal_rcc_ex.c...
compiling stm32f3xx_hal_gpio.c...
compiling stm32f3xx_hal_dma.c...
compiling stm32f3xx_hal_cortex.c...
compiling stm32f3xx_hal_pwr.c...
compiling stm32f3xx_hal_pwr_ex.c...
compiling stm32f3xx_hal_flash.c...
compiling stm32f3xx_hal_flash_ex.c...
compiling stm32f3xx_hal_i2c_ex.c...
compiling stm32f3xx_hal_exti.c...
compiling stm32f3xx_hal_i2c.c...
compiling stm32f3xx_hal_dac_ex.c...
compiling stm32f3xx_hal_dac.c...
compiling stm32f3xx_hal_tim.c...
compiling stm32f3xx_hal_tim_ex.c...
compiling stm32f3xx_hal_uart.c...
compiling stm32f3xx_hal_uart_ex.c...
compiling system_stm32f3xx.c...
compiling bus_voltage_sensor.c...
compiling circle_limitation.c...
compiling mc_irq_handler.c...
compiling digital_output.c...
compiling mc_math.c...
compiling hall_speed_pos_fdbk.c...
compiling mc_interface.c...
compiling motor_power_measurement.c...
compiling ntc_temperature_sensor.c...
compiling open_loop.c...
compiling pid_regulator.c...
compiling pqd_motor_power_measurement.c...
compiling pwm_curr_fdbk.c...
compiling pwm_common.c...
compiling r_divider_bus_voltage_sensor.c...
compiling ramp_ext_mngr.c...
compiling state_machine.c...
compiling speed_pos_fdbk.c...
compiling speed_torq_ctrl.c...
compiling dac_ui.c...
compiling virtual_speed_sensor.c...
compiling r3_1_f30x_pwm_curr_fdbk.c...
compiling ui_irq_handler.c...
compiling dac_common_ui.c...
compiling frame_communication_protocol.c...
compiling usart_frame_communication_protocol.c...
linking...
Program Size: Code=28476 RO-data=1132 RW-data=1632 ZI-data=1784  
FromELF: creating hex file...
"SDK52-P-NUCLEO-TBMT-sensor\SDK52-P-NUCLEO-TBMT-sensor.axf" - 0 Error(s), 0 Warning(s).

<h2>Software Packages used:</h2>

Package Vendor: ARM
                http://www.keil.com/pack/ARM.CMSIS.4.5.0.pack
                ARM::CMSIS:CORE:4.3.0
                CMSIS (Cortex Microcontroller Software Interface Standard)
   * Component: CORE Version: 4.3.0

<h2>Collection of Component include folders:</h2>
  E:\VS_GDB\ARM\TEMP\P-Nucleo-SDK5-TBMT\SDK52-P-NUCLEO-TBMT-sensor\MDK-ARM\RTE
  G:\MDK\ARM\PACK\ARM\CMSIS\4.5.0\CMSIS\Include
  G:\MDK\ARM\PACK\Keil\STM32F3xx_DFP\2.1.0\Drivers\CMSIS\Device\ST\STM32F3xx\Include

<h2>Collection of Component Files used:</h2>

   * Component: ARM::CMSIS:CORE:4.3.0
Build Time Elapsed:  00:02:08
</pre>
</body>
</html>
